[2026-05-31T17:16:52.997+0000] {processor.py:186} INFO - Started process (PID=168) to work on /opt/airflow/dags/ml_pipeline.py
[2026-05-31T17:16:52.999+0000] {processor.py:914} INFO - Processing file /opt/airflow/dags/ml_pipeline.py for tasks to queue
[2026-05-31T17:16:53.003+0000] {logging_mixin.py:190} INFO - [2026-05-31T17:16:53.002+0000] {dagbag.py:587} INFO - Filling up the DagBag from /opt/airflow/dags/ml_pipeline.py
[2026-05-31T17:16:55.993+0000] {logging_mixin.py:190} INFO - [2026-05-31T17:16:55.985+0000] {dagbag.py:386} ERROR - Failed to import: /opt/airflow/dags/ml_pipeline.py
Traceback (most recent call last):
  File "/home/airflow/.local/lib/python3.12/site-packages/airflow/models/dagbag.py", line 382, in parse
    loader.exec_module(new_module)
  File "<frozen importlib._bootstrap_external>", line 995, in exec_module
  File "<frozen importlib._bootstrap>", line 488, in _call_with_frames_removed
  File "/opt/airflow/dags/ml_pipeline.py", line 5, in <module>
    from app.train import train
  File "/opt/airflow/app/train.py", line 2, in <module>
    import joblib
ModuleNotFoundError: No module named 'joblib'
[2026-05-31T17:16:55.996+0000] {processor.py:927} WARNING - No viable dags retrieved from /opt/airflow/dags/ml_pipeline.py
[2026-05-31T17:16:56.056+0000] {processor.py:208} INFO - Processing /opt/airflow/dags/ml_pipeline.py took 3.067 seconds
[2026-05-31T17:17:26.167+0000] {processor.py:186} INFO - Started process (PID=174) to work on /opt/airflow/dags/ml_pipeline.py
[2026-05-31T17:17:26.168+0000] {processor.py:914} INFO - Processing file /opt/airflow/dags/ml_pipeline.py for tasks to queue
[2026-05-31T17:17:26.171+0000] {logging_mixin.py:190} INFO - [2026-05-31T17:17:26.170+0000] {dagbag.py:587} INFO - Filling up the DagBag from /opt/airflow/dags/ml_pipeline.py
[2026-05-31T17:17:26.738+0000] {logging_mixin.py:190} INFO - [2026-05-31T17:17:26.730+0000] {dagbag.py:386} ERROR - Failed to import: /opt/airflow/dags/ml_pipeline.py
Traceback (most recent call last):
  File "/home/airflow/.local/lib/python3.12/site-packages/airflow/models/dagbag.py", line 382, in parse
    loader.exec_module(new_module)
  File "<frozen importlib._bootstrap_external>", line 995, in exec_module
  File "<frozen importlib._bootstrap>", line 488, in _call_with_frames_removed
  File "/opt/airflow/dags/ml_pipeline.py", line 5, in <module>
    from app.train import train
  File "/opt/airflow/app/train.py", line 2, in <module>
    import joblib
ModuleNotFoundError: No module named 'joblib'
[2026-05-31T17:17:26.741+0000] {processor.py:927} WARNING - No viable dags retrieved from /opt/airflow/dags/ml_pipeline.py
[2026-05-31T17:17:26.807+0000] {processor.py:208} INFO - Processing /opt/airflow/dags/ml_pipeline.py took 0.651 seconds
[2026-05-31T17:17:57.119+0000] {processor.py:186} INFO - Started process (PID=180) to work on /opt/airflow/dags/ml_pipeline.py
[2026-05-31T17:17:57.120+0000] {processor.py:914} INFO - Processing file /opt/airflow/dags/ml_pipeline.py for tasks to queue
[2026-05-31T17:17:57.123+0000] {logging_mixin.py:190} INFO - [2026-05-31T17:17:57.123+0000] {dagbag.py:587} INFO - Filling up the DagBag from /opt/airflow/dags/ml_pipeline.py
[2026-05-31T17:17:57.699+0000] {logging_mixin.py:190} INFO - [2026-05-31T17:17:57.691+0000] {dagbag.py:386} ERROR - Failed to import: /opt/airflow/dags/ml_pipeline.py
Traceback (most recent call last):
  File "/home/airflow/.local/lib/python3.12/site-packages/airflow/models/dagbag.py", line 382, in parse
    loader.exec_module(new_module)
  File "<frozen importlib._bootstrap_external>", line 995, in exec_module
  File "<frozen importlib._bootstrap>", line 488, in _call_with_frames_removed
  File "/opt/airflow/dags/ml_pipeline.py", line 5, in <module>
    from app.train import train
  File "/opt/airflow/app/train.py", line 2, in <module>
    import joblib
ModuleNotFoundError: No module named 'joblib'
[2026-05-31T17:17:57.701+0000] {processor.py:927} WARNING - No viable dags retrieved from /opt/airflow/dags/ml_pipeline.py
[2026-05-31T17:17:59.827+0000] {processor.py:208} INFO - Processing /opt/airflow/dags/ml_pipeline.py took 2.717 seconds
[2026-05-31T17:18:29.943+0000] {processor.py:186} INFO - Started process (PID=186) to work on /opt/airflow/dags/ml_pipeline.py
[2026-05-31T17:18:29.944+0000] {processor.py:914} INFO - Processing file /opt/airflow/dags/ml_pipeline.py for tasks to queue
[2026-05-31T17:18:29.946+0000] {logging_mixin.py:190} INFO - [2026-05-31T17:18:29.946+0000] {dagbag.py:587} INFO - Filling up the DagBag from /opt/airflow/dags/ml_pipeline.py
[2026-05-31T17:18:30.630+0000] {logging_mixin.py:190} INFO - [2026-05-31T17:18:30.622+0000] {dagbag.py:386} ERROR - Failed to import: /opt/airflow/dags/ml_pipeline.py
Traceback (most recent call last):
  File "/home/airflow/.local/lib/python3.12/site-packages/airflow/models/dagbag.py", line 382, in parse
    loader.exec_module(new_module)
  File "<frozen importlib._bootstrap_external>", line 995, in exec_module
  File "<frozen importlib._bootstrap>", line 488, in _call_with_frames_removed
  File "/opt/airflow/dags/ml_pipeline.py", line 5, in <module>
    from app.train import train
  File "/opt/airflow/app/train.py", line 2, in <module>
    import joblib
ModuleNotFoundError: No module named 'joblib'
[2026-05-31T17:18:30.633+0000] {processor.py:927} WARNING - No viable dags retrieved from /opt/airflow/dags/ml_pipeline.py
[2026-05-31T17:18:30.683+0000] {processor.py:208} INFO - Processing /opt/airflow/dags/ml_pipeline.py took 0.756 seconds
[2026-05-31T17:19:00.984+0000] {processor.py:186} INFO - Started process (PID=192) to work on /opt/airflow/dags/ml_pipeline.py
[2026-05-31T17:19:00.986+0000] {processor.py:914} INFO - Processing file /opt/airflow/dags/ml_pipeline.py for tasks to queue
[2026-05-31T17:19:00.989+0000] {logging_mixin.py:190} INFO - [2026-05-31T17:19:00.988+0000] {dagbag.py:587} INFO - Filling up the DagBag from /opt/airflow/dags/ml_pipeline.py
[2026-05-31T17:19:01.534+0000] {logging_mixin.py:190} INFO - [2026-05-31T17:19:01.527+0000] {dagbag.py:386} ERROR - Failed to import: /opt/airflow/dags/ml_pipeline.py
Traceback (most recent call last):
  File "/home/airflow/.local/lib/python3.12/site-packages/airflow/models/dagbag.py", line 382, in parse
    loader.exec_module(new_module)
  File "<frozen importlib._bootstrap_external>", line 995, in exec_module
  File "<frozen importlib._bootstrap>", line 488, in _call_with_frames_removed
  File "/opt/airflow/dags/ml_pipeline.py", line 5, in <module>
    from app.train import train
  File "/opt/airflow/app/train.py", line 2, in <module>
    import joblib
ModuleNotFoundError: No module named 'joblib'
[2026-05-31T17:19:01.536+0000] {processor.py:927} WARNING - No viable dags retrieved from /opt/airflow/dags/ml_pipeline.py
[2026-05-31T17:19:01.582+0000] {processor.py:208} INFO - Processing /opt/airflow/dags/ml_pipeline.py took 0.607 seconds
[2026-05-31T17:19:32.224+0000] {processor.py:186} INFO - Started process (PID=198) to work on /opt/airflow/dags/ml_pipeline.py
[2026-05-31T17:19:32.227+0000] {processor.py:914} INFO - Processing file /opt/airflow/dags/ml_pipeline.py for tasks to queue
[2026-05-31T17:19:32.234+0000] {logging_mixin.py:190} INFO - [2026-05-31T17:19:32.233+0000] {dagbag.py:587} INFO - Filling up the DagBag from /opt/airflow/dags/ml_pipeline.py
[2026-05-31T17:19:33.167+0000] {logging_mixin.py:190} INFO - [2026-05-31T17:19:33.158+0000] {dagbag.py:386} ERROR - Failed to import: /opt/airflow/dags/ml_pipeline.py
Traceback (most recent call last):
  File "/home/airflow/.local/lib/python3.12/site-packages/airflow/models/dagbag.py", line 382, in parse
    loader.exec_module(new_module)
  File "<frozen importlib._bootstrap_external>", line 995, in exec_module
  File "<frozen importlib._bootstrap>", line 488, in _call_with_frames_removed
  File "/opt/airflow/dags/ml_pipeline.py", line 5, in <module>
    from app.train import train
  File "/opt/airflow/app/train.py", line 2, in <module>
    import joblib
ModuleNotFoundError: No module named 'joblib'
[2026-05-31T17:19:33.169+0000] {processor.py:927} WARNING - No viable dags retrieved from /opt/airflow/dags/ml_pipeline.py
[2026-05-31T17:19:33.229+0000] {processor.py:208} INFO - Processing /opt/airflow/dags/ml_pipeline.py took 1.023 seconds
[2026-05-31T17:20:03.334+0000] {processor.py:186} INFO - Started process (PID=204) to work on /opt/airflow/dags/ml_pipeline.py
[2026-05-31T17:20:03.336+0000] {processor.py:914} INFO - Processing file /opt/airflow/dags/ml_pipeline.py for tasks to queue
[2026-05-31T17:20:03.341+0000] {logging_mixin.py:190} INFO - [2026-05-31T17:20:03.341+0000] {dagbag.py:587} INFO - Filling up the DagBag from /opt/airflow/dags/ml_pipeline.py
[2026-05-31T17:20:04.173+0000] {logging_mixin.py:190} INFO - [2026-05-31T17:20:04.164+0000] {dagbag.py:386} ERROR - Failed to import: /opt/airflow/dags/ml_pipeline.py
Traceback (most recent call last):
  File "/home/airflow/.local/lib/python3.12/site-packages/airflow/models/dagbag.py", line 382, in parse
    loader.exec_module(new_module)
  File "<frozen importlib._bootstrap_external>", line 995, in exec_module
  File "<frozen importlib._bootstrap>", line 488, in _call_with_frames_removed
  File "/opt/airflow/dags/ml_pipeline.py", line 5, in <module>
    from app.train import train
  File "/opt/airflow/app/train.py", line 2, in <module>
    import joblib
ModuleNotFoundError: No module named 'joblib'
[2026-05-31T17:20:04.177+0000] {processor.py:927} WARNING - No viable dags retrieved from /opt/airflow/dags/ml_pipeline.py
[2026-05-31T17:20:04.241+0000] {processor.py:208} INFO - Processing /opt/airflow/dags/ml_pipeline.py took 0.923 seconds
[2026-05-31T17:20:34.445+0000] {processor.py:186} INFO - Started process (PID=210) to work on /opt/airflow/dags/ml_pipeline.py
[2026-05-31T17:20:34.446+0000] {processor.py:914} INFO - Processing file /opt/airflow/dags/ml_pipeline.py for tasks to queue
[2026-05-31T17:20:34.448+0000] {logging_mixin.py:190} INFO - [2026-05-31T17:20:34.448+0000] {dagbag.py:587} INFO - Filling up the DagBag from /opt/airflow/dags/ml_pipeline.py
[2026-05-31T17:20:35.414+0000] {logging_mixin.py:190} INFO - [2026-05-31T17:20:35.401+0000] {dagbag.py:386} ERROR - Failed to import: /opt/airflow/dags/ml_pipeline.py
Traceback (most recent call last):
  File "/home/airflow/.local/lib/python3.12/site-packages/airflow/models/dagbag.py", line 382, in parse
    loader.exec_module(new_module)
  File "<frozen importlib._bootstrap_external>", line 995, in exec_module
  File "<frozen importlib._bootstrap>", line 488, in _call_with_frames_removed
  File "/opt/airflow/dags/ml_pipeline.py", line 5, in <module>
    from app.train import train
  File "/opt/airflow/app/train.py", line 2, in <module>
    import joblib
ModuleNotFoundError: No module named 'joblib'
[2026-05-31T17:20:35.418+0000] {processor.py:927} WARNING - No viable dags retrieved from /opt/airflow/dags/ml_pipeline.py
[2026-05-31T17:20:35.479+0000] {processor.py:208} INFO - Processing /opt/airflow/dags/ml_pipeline.py took 1.043 seconds
[2026-05-31T17:21:05.565+0000] {processor.py:186} INFO - Started process (PID=216) to work on /opt/airflow/dags/ml_pipeline.py
[2026-05-31T17:21:05.567+0000] {processor.py:914} INFO - Processing file /opt/airflow/dags/ml_pipeline.py for tasks to queue
[2026-05-31T17:21:05.571+0000] {logging_mixin.py:190} INFO - [2026-05-31T17:21:05.570+0000] {dagbag.py:587} INFO - Filling up the DagBag from /opt/airflow/dags/ml_pipeline.py
[2026-05-31T17:21:06.394+0000] {logging_mixin.py:190} INFO - [2026-05-31T17:21:06.385+0000] {dagbag.py:386} ERROR - Failed to import: /opt/airflow/dags/ml_pipeline.py
Traceback (most recent call last):
  File "/home/airflow/.local/lib/python3.12/site-packages/airflow/models/dagbag.py", line 382, in parse
    loader.exec_module(new_module)
  File "<frozen importlib._bootstrap_external>", line 995, in exec_module
  File "<frozen importlib._bootstrap>", line 488, in _call_with_frames_removed
  File "/opt/airflow/dags/ml_pipeline.py", line 5, in <module>
    from app.train import train
  File "/opt/airflow/app/train.py", line 2, in <module>
    import joblib
ModuleNotFoundError: No module named 'joblib'
[2026-05-31T17:21:06.397+0000] {processor.py:927} WARNING - No viable dags retrieved from /opt/airflow/dags/ml_pipeline.py
[2026-05-31T17:21:06.443+0000] {processor.py:208} INFO - Processing /opt/airflow/dags/ml_pipeline.py took 0.890 seconds
[2026-05-31T17:36:14.224+0000] {processor.py:186} INFO - Started process (PID=187) to work on /opt/airflow/dags/ml_pipeline.py
[2026-05-31T17:36:14.225+0000] {processor.py:914} INFO - Processing file /opt/airflow/dags/ml_pipeline.py for tasks to queue
[2026-05-31T17:36:14.228+0000] {logging_mixin.py:190} INFO - [2026-05-31T17:36:14.227+0000] {dagbag.py:587} INFO - Filling up the DagBag from /opt/airflow/dags/ml_pipeline.py
[2026-05-31T17:36:16.137+0000] {logging_mixin.py:190} INFO - [2026-05-31T17:36:16.126+0000] {dagbag.py:386} ERROR - Failed to import: /opt/airflow/dags/ml_pipeline.py
Traceback (most recent call last):
  File "/home/airflow/.local/lib/python3.12/site-packages/airflow/models/dagbag.py", line 382, in parse
    loader.exec_module(new_module)
  File "<frozen importlib._bootstrap_external>", line 995, in exec_module
  File "<frozen importlib._bootstrap>", line 488, in _call_with_frames_removed
  File "/opt/airflow/dags/ml_pipeline.py", line 5, in <module>
    from app.train import train
  File "/opt/airflow/app/train.py", line 3, in <module>
    import mlflow
ModuleNotFoundError: No module named 'mlflow'
[2026-05-31T17:36:16.142+0000] {processor.py:927} WARNING - No viable dags retrieved from /opt/airflow/dags/ml_pipeline.py
[2026-05-31T17:36:16.199+0000] {processor.py:208} INFO - Processing /opt/airflow/dags/ml_pipeline.py took 1.985 seconds
[2026-05-31T17:36:46.388+0000] {processor.py:186} INFO - Started process (PID=193) to work on /opt/airflow/dags/ml_pipeline.py
[2026-05-31T17:36:46.389+0000] {processor.py:914} INFO - Processing file /opt/airflow/dags/ml_pipeline.py for tasks to queue
[2026-05-31T17:36:46.392+0000] {logging_mixin.py:190} INFO - [2026-05-31T17:36:46.391+0000] {dagbag.py:587} INFO - Filling up the DagBag from /opt/airflow/dags/ml_pipeline.py
[2026-05-31T17:36:47.076+0000] {logging_mixin.py:190} INFO - [2026-05-31T17:36:47.067+0000] {dagbag.py:386} ERROR - Failed to import: /opt/airflow/dags/ml_pipeline.py
Traceback (most recent call last):
  File "/home/airflow/.local/lib/python3.12/site-packages/airflow/models/dagbag.py", line 382, in parse
    loader.exec_module(new_module)
  File "<frozen importlib._bootstrap_external>", line 995, in exec_module
  File "<frozen importlib._bootstrap>", line 488, in _call_with_frames_removed
  File "/opt/airflow/dags/ml_pipeline.py", line 5, in <module>
    from app.train import train
  File "/opt/airflow/app/train.py", line 3, in <module>
    import mlflow
ModuleNotFoundError: No module named 'mlflow'
[2026-05-31T17:36:47.079+0000] {processor.py:927} WARNING - No viable dags retrieved from /opt/airflow/dags/ml_pipeline.py
[2026-05-31T17:36:47.549+0000] {processor.py:208} INFO - Processing /opt/airflow/dags/ml_pipeline.py took 1.169 seconds
[2026-05-31T17:37:17.729+0000] {processor.py:186} INFO - Started process (PID=199) to work on /opt/airflow/dags/ml_pipeline.py
[2026-05-31T17:37:17.731+0000] {processor.py:914} INFO - Processing file /opt/airflow/dags/ml_pipeline.py for tasks to queue
[2026-05-31T17:37:17.736+0000] {logging_mixin.py:190} INFO - [2026-05-31T17:37:17.735+0000] {dagbag.py:587} INFO - Filling up the DagBag from /opt/airflow/dags/ml_pipeline.py
[2026-05-31T17:37:18.326+0000] {logging_mixin.py:190} INFO - [2026-05-31T17:37:18.315+0000] {dagbag.py:386} ERROR - Failed to import: /opt/airflow/dags/ml_pipeline.py
Traceback (most recent call last):
  File "/home/airflow/.local/lib/python3.12/site-packages/airflow/models/dagbag.py", line 382, in parse
    loader.exec_module(new_module)
  File "<frozen importlib._bootstrap_external>", line 995, in exec_module
  File "<frozen importlib._bootstrap>", line 488, in _call_with_frames_removed
  File "/opt/airflow/dags/ml_pipeline.py", line 5, in <module>
    from app.train import train
  File "/opt/airflow/app/train.py", line 3, in <module>
    import mlflow
ModuleNotFoundError: No module named 'mlflow'
[2026-05-31T17:37:18.330+0000] {processor.py:927} WARNING - No viable dags retrieved from /opt/airflow/dags/ml_pipeline.py
[2026-05-31T17:37:18.372+0000] {processor.py:208} INFO - Processing /opt/airflow/dags/ml_pipeline.py took 0.655 seconds
[2026-05-31T17:37:48.526+0000] {processor.py:186} INFO - Started process (PID=205) to work on /opt/airflow/dags/ml_pipeline.py
[2026-05-31T17:37:48.527+0000] {processor.py:914} INFO - Processing file /opt/airflow/dags/ml_pipeline.py for tasks to queue
[2026-05-31T17:37:48.530+0000] {logging_mixin.py:190} INFO - [2026-05-31T17:37:48.529+0000] {dagbag.py:587} INFO - Filling up the DagBag from /opt/airflow/dags/ml_pipeline.py
[2026-05-31T17:37:49.136+0000] {logging_mixin.py:190} INFO - [2026-05-31T17:37:49.128+0000] {dagbag.py:386} ERROR - Failed to import: /opt/airflow/dags/ml_pipeline.py
Traceback (most recent call last):
  File "/home/airflow/.local/lib/python3.12/site-packages/airflow/models/dagbag.py", line 382, in parse
    loader.exec_module(new_module)
  File "<frozen importlib._bootstrap_external>", line 995, in exec_module
  File "<frozen importlib._bootstrap>", line 488, in _call_with_frames_removed
  File "/opt/airflow/dags/ml_pipeline.py", line 5, in <module>
    from app.train import train
  File "/opt/airflow/app/train.py", line 3, in <module>
    import mlflow
ModuleNotFoundError: No module named 'mlflow'
[2026-05-31T17:37:49.139+0000] {processor.py:927} WARNING - No viable dags retrieved from /opt/airflow/dags/ml_pipeline.py
[2026-05-31T17:37:49.201+0000] {processor.py:208} INFO - Processing /opt/airflow/dags/ml_pipeline.py took 0.683 seconds
[2026-05-31T17:38:19.415+0000] {processor.py:186} INFO - Started process (PID=211) to work on /opt/airflow/dags/ml_pipeline.py
[2026-05-31T17:38:19.416+0000] {processor.py:914} INFO - Processing file /opt/airflow/dags/ml_pipeline.py for tasks to queue
[2026-05-31T17:38:19.418+0000] {logging_mixin.py:190} INFO - [2026-05-31T17:38:19.418+0000] {dagbag.py:587} INFO - Filling up the DagBag from /opt/airflow/dags/ml_pipeline.py
[2026-05-31T17:38:19.986+0000] {logging_mixin.py:190} INFO - [2026-05-31T17:38:19.977+0000] {dagbag.py:386} ERROR - Failed to import: /opt/airflow/dags/ml_pipeline.py
Traceback (most recent call last):
  File "/home/airflow/.local/lib/python3.12/site-packages/airflow/models/dagbag.py", line 382, in parse
    loader.exec_module(new_module)
  File "<frozen importlib._bootstrap_external>", line 995, in exec_module
  File "<frozen importlib._bootstrap>", line 488, in _call_with_frames_removed
  File "/opt/airflow/dags/ml_pipeline.py", line 5, in <module>
    from app.train import train
  File "/opt/airflow/app/train.py", line 3, in <module>
    import mlflow
ModuleNotFoundError: No module named 'mlflow'
[2026-05-31T17:38:19.989+0000] {processor.py:927} WARNING - No viable dags retrieved from /opt/airflow/dags/ml_pipeline.py
[2026-05-31T17:38:20.030+0000] {processor.py:208} INFO - Processing /opt/airflow/dags/ml_pipeline.py took 0.623 seconds
[2026-05-31T17:38:50.862+0000] {processor.py:186} INFO - Started process (PID=281) to work on /opt/airflow/dags/ml_pipeline.py
[2026-05-31T17:38:50.863+0000] {processor.py:914} INFO - Processing file /opt/airflow/dags/ml_pipeline.py for tasks to queue
[2026-05-31T17:38:50.867+0000] {logging_mixin.py:190} INFO - [2026-05-31T17:38:50.866+0000] {dagbag.py:587} INFO - Filling up the DagBag from /opt/airflow/dags/ml_pipeline.py
[2026-05-31T17:38:52.706+0000] {logging_mixin.py:190} WARNING - Exception ignored in: <function WeakKeyDictionary.__init__.<locals>.remove at 0x7f480bf44cc0>
[2026-05-31T17:38:52.707+0000] {logging_mixin.py:190} WARNING - Traceback (most recent call last):
[2026-05-31T17:38:52.707+0000] {logging_mixin.py:190} WARNING -   File "/usr/local/lib/python3.12/weakref.py", line 369, in remove
[2026-05-31T17:38:52.708+0000] {logging_mixin.py:190} WARNING -     def remove(k, selfref=ref(self)):
[2026-05-31T17:38:52.709+0000] {logging_mixin.py:190} WARNING -   File "/home/airflow/.local/lib/python3.12/site-packages/airflow/dag_processing/manager.py", line 466, in _exit_gracefully
[2026-05-31T17:38:52.710+0000] {logging_mixin.py:190} WARNING -     self.log.debug("Current Stacktrace is: %s", "\n".join(map(str, inspect.stack())))
[2026-05-31T17:38:52.710+0000] {logging_mixin.py:190} WARNING -                                                                    ^^^^^^^^^^^^^^^
[2026-05-31T17:38:52.711+0000] {logging_mixin.py:190} WARNING -   File "/usr/local/lib/python3.12/inspect.py", line 1777, in stack
[2026-05-31T17:38:52.713+0000] {logging_mixin.py:190} WARNING -     return getouterframes(sys._getframe(1), context)
[2026-05-31T17:38:52.713+0000] {logging_mixin.py:190} WARNING -            ^^^^^^^^^^^^^^^^^^^^^^^^^^^^^^^^^^^^^^^^^
[2026-05-31T17:38:52.714+0000] {logging_mixin.py:190} WARNING -   File "/usr/local/lib/python3.12/inspect.py", line 1752, in getouterframes
[2026-05-31T17:38:52.715+0000] {logging_mixin.py:190} WARNING -     traceback_info = getframeinfo(frame, context)
[2026-05-31T17:38:52.716+0000] {logging_mixin.py:190} WARNING -                      ^^^^^^^^^^^^^^^^^^^^^^^^^^^^
[2026-05-31T17:38:52.717+0000] {logging_mixin.py:190} WARNING -   File "/usr/local/lib/python3.12/inspect.py", line 1714, in getframeinfo
[2026-05-31T17:38:52.718+0000] {logging_mixin.py:190} WARNING -     lines, lnum = findsource(frame)
[2026-05-31T17:38:52.719+0000] {logging_mixin.py:190} WARNING -                   ^^^^^^^^^^^^^^^^^
[2026-05-31T17:38:52.721+0000] {logging_mixin.py:190} WARNING -   File "/usr/local/lib/python3.12/inspect.py", line 1090, in findsource
[2026-05-31T17:38:52.722+0000] {logging_mixin.py:190} WARNING -     module = getmodule(object, file)
[2026-05-31T17:38:52.723+0000] {logging_mixin.py:190} WARNING -              ^^^^^^^^^^^^^^^^^^^^^^^
[2026-05-31T17:38:52.724+0000] {logging_mixin.py:190} WARNING -   File "/usr/local/lib/python3.12/inspect.py", line 1013, in getmodule
[2026-05-31T17:38:52.725+0000] {logging_mixin.py:190} WARNING -     f = getabsfile(module)
[2026-05-31T17:38:52.726+0000] {logging_mixin.py:190} WARNING -         ^^^^^^^^^^^^^^^^^^
[2026-05-31T17:38:52.727+0000] {logging_mixin.py:190} WARNING -   File "/usr/local/lib/python3.12/inspect.py", line 982, in getabsfile
[2026-05-31T17:38:52.727+0000] {logging_mixin.py:190} WARNING -     _filename = getsourcefile(object) or getfile(object)
[2026-05-31T17:38:52.728+0000] {logging_mixin.py:190} WARNING -                 ^^^^^^^^^^^^^^^^^^^^^
[2026-05-31T17:38:52.728+0000] {logging_mixin.py:190} WARNING -   File "/usr/local/lib/python3.12/inspect.py", line 958, in getsourcefile
[2026-05-31T17:38:52.729+0000] {logging_mixin.py:190} WARNING -     if any(filename.endswith(s) for s in all_bytecode_suffixes):
[2026-05-31T17:38:52.730+0000] {logging_mixin.py:190} WARNING -        ^^^^^^^^^^^^^^^^^^^^^^^^^^^^^^^^^^^^^^^^^^^^^^^^^^^^^^^^
[2026-05-31T17:38:52.731+0000] {logging_mixin.py:190} WARNING -   File "/usr/local/lib/python3.12/inspect.py", line 958, in <genexpr>
[2026-05-31T17:38:52.732+0000] {logging_mixin.py:190} WARNING -     if any(filename.endswith(s) for s in all_bytecode_suffixes):
[2026-05-31T17:38:52.733+0000] {logging_mixin.py:190} WARNING -   File "/home/airflow/.local/lib/python3.12/site-packages/airflow/dag_processing/manager.py", line 470, in _exit_gracefully
[2026-05-31T17:38:52.734+0000] {logging_mixin.py:190} WARNING -     sys.exit(os.EX_OK)
[2026-05-31T17:38:52.735+0000] {logging_mixin.py:190} WARNING - SystemExit: 0
[2026-05-31T17:38:53.094+0000] {logging_mixin.py:190} INFO - [2026-05-31T17:38:53.088+0000] {dagbag.py:386} ERROR - Failed to import: /opt/airflow/dags/ml_pipeline.py
Traceback (most recent call last):
  File "/home/airflow/.local/lib/python3.12/site-packages/airflow/models/dagbag.py", line 382, in parse
    loader.exec_module(new_module)
  File "<frozen importlib._bootstrap_external>", line 995, in exec_module
  File "<frozen importlib._bootstrap>", line 488, in _call_with_frames_removed
  File "/opt/airflow/dags/ml_pipeline.py", line 5, in <module>
    from app.train import train
  File "/opt/airflow/app/train.py", line 3, in <module>
    import mlflow
ModuleNotFoundError: No module named 'mlflow'
[2026-05-31T17:38:53.100+0000] {processor.py:927} WARNING - No viable dags retrieved from /opt/airflow/dags/ml_pipeline.py
[2026-05-31T17:38:53.216+0000] {processor.py:208} INFO - Processing /opt/airflow/dags/ml_pipeline.py took 2.363 seconds
[2026-05-31T17:47:07.510+0000] {processor.py:186} INFO - Started process (PID=197) to work on /opt/airflow/dags/ml_pipeline.py
[2026-05-31T17:47:07.512+0000] {processor.py:914} INFO - Processing file /opt/airflow/dags/ml_pipeline.py for tasks to queue
[2026-05-31T17:47:07.523+0000] {logging_mixin.py:190} INFO - [2026-05-31T17:47:07.523+0000] {dagbag.py:587} INFO - Filling up the DagBag from /opt/airflow/dags/ml_pipeline.py
[2026-05-31T17:47:16.290+0000] {processor.py:925} INFO - DAG(s) 'ml_pipeline' retrieved from /opt/airflow/dags/ml_pipeline.py
[2026-05-31T17:47:17.541+0000] {logging_mixin.py:190} INFO - [2026-05-31T17:47:17.539+0000] {override.py:1858} INFO - Created Permission View: can read on DAG:ml_pipeline
[2026-05-31T17:47:17.584+0000] {logging_mixin.py:190} INFO - [2026-05-31T17:47:17.584+0000] {override.py:1858} INFO - Created Permission View: can delete on DAG:ml_pipeline
[2026-05-31T17:47:17.615+0000] {logging_mixin.py:190} INFO - [2026-05-31T17:47:17.615+0000] {override.py:1858} INFO - Created Permission View: can edit on DAG:ml_pipeline
[2026-05-31T17:47:17.617+0000] {logging_mixin.py:190} INFO - [2026-05-31T17:47:17.616+0000] {dag.py:3211} INFO - Sync 1 DAGs
[2026-05-31T17:47:17.634+0000] {logging_mixin.py:190} INFO - [2026-05-31T17:47:17.633+0000] {dag.py:3234} INFO - Creating ORM DAG for ml_pipeline
[2026-05-31T17:47:17.648+0000] {logging_mixin.py:190} INFO - [2026-05-31T17:47:17.648+0000] {dag.py:4138} INFO - Setting next_dagrun for ml_pipeline to 2026-05-30 00:00:00+00:00, run_after=2026-05-31 00:00:00+00:00
[2026-05-31T17:47:17.695+0000] {processor.py:208} INFO - Processing /opt/airflow/dags/ml_pipeline.py took 12.400 seconds
[2026-05-31T17:47:47.875+0000] {processor.py:186} INFO - Started process (PID=216) to work on /opt/airflow/dags/ml_pipeline.py
[2026-05-31T17:47:47.876+0000] {processor.py:914} INFO - Processing file /opt/airflow/dags/ml_pipeline.py for tasks to queue
[2026-05-31T17:47:47.878+0000] {logging_mixin.py:190} INFO - [2026-05-31T17:47:47.878+0000] {dagbag.py:587} INFO - Filling up the DagBag from /opt/airflow/dags/ml_pipeline.py
[2026-05-31T17:47:52.346+0000] {processor.py:925} INFO - DAG(s) 'ml_pipeline' retrieved from /opt/airflow/dags/ml_pipeline.py
[2026-05-31T17:47:52.417+0000] {logging_mixin.py:190} INFO - [2026-05-31T17:47:52.417+0000] {dag.py:3211} INFO - Sync 1 DAGs
[2026-05-31T17:47:52.457+0000] {logging_mixin.py:190} INFO - [2026-05-31T17:47:52.457+0000] {dag.py:4138} INFO - Setting next_dagrun for ml_pipeline to 2026-05-30 00:00:00+00:00, run_after=2026-05-31 00:00:00+00:00
[2026-05-31T17:47:53.023+0000] {processor.py:208} INFO - Processing /opt/airflow/dags/ml_pipeline.py took 5.156 seconds
[2026-05-31T17:48:23.219+0000] {processor.py:186} INFO - Started process (PID=269) to work on /opt/airflow/dags/ml_pipeline.py
[2026-05-31T17:48:23.220+0000] {processor.py:914} INFO - Processing file /opt/airflow/dags/ml_pipeline.py for tasks to queue
[2026-05-31T17:48:23.227+0000] {logging_mixin.py:190} INFO - [2026-05-31T17:48:23.227+0000] {dagbag.py:587} INFO - Filling up the DagBag from /opt/airflow/dags/ml_pipeline.py
[2026-05-31T17:48:35.446+0000] {processor.py:925} INFO - DAG(s) 'ml_pipeline' retrieved from /opt/airflow/dags/ml_pipeline.py
[2026-05-31T17:48:35.521+0000] {logging_mixin.py:190} INFO - [2026-05-31T17:48:35.520+0000] {dag.py:3211} INFO - Sync 1 DAGs
[2026-05-31T17:48:35.549+0000] {logging_mixin.py:190} INFO - [2026-05-31T17:48:35.549+0000] {dag.py:4138} INFO - Setting next_dagrun for ml_pipeline to 2026-05-31 00:00:00+00:00, run_after=2026-06-01 00:00:00+00:00
[2026-05-31T17:48:35.642+0000] {processor.py:208} INFO - Processing /opt/airflow/dags/ml_pipeline.py took 14.627 seconds
[2026-05-31T17:49:05.880+0000] {processor.py:186} INFO - Started process (PID=291) to work on /opt/airflow/dags/ml_pipeline.py
[2026-05-31T17:49:05.881+0000] {processor.py:914} INFO - Processing file /opt/airflow/dags/ml_pipeline.py for tasks to queue
[2026-05-31T17:49:05.884+0000] {logging_mixin.py:190} INFO - [2026-05-31T17:49:05.884+0000] {dagbag.py:587} INFO - Filling up the DagBag from /opt/airflow/dags/ml_pipeline.py
[2026-05-31T17:51:55.600+0000] {processor.py:186} INFO - Started process (PID=168) to work on /opt/airflow/dags/ml_pipeline.py
[2026-05-31T17:51:55.601+0000] {processor.py:914} INFO - Processing file /opt/airflow/dags/ml_pipeline.py for tasks to queue
[2026-05-31T17:51:55.603+0000] {logging_mixin.py:190} INFO - [2026-05-31T17:51:55.602+0000] {dagbag.py:587} INFO - Filling up the DagBag from /opt/airflow/dags/ml_pipeline.py
[2026-05-31T17:51:55.645+0000] {processor.py:925} INFO - DAG(s) 'ml_pipeline' retrieved from /opt/airflow/dags/ml_pipeline.py
[2026-05-31T17:51:56.047+0000] {logging_mixin.py:190} INFO - [2026-05-31T17:51:56.046+0000] {override.py:1858} INFO - Created Permission View: can read on DAG:ml_pipeline
[2026-05-31T17:51:56.093+0000] {logging_mixin.py:190} INFO - [2026-05-31T17:51:56.093+0000] {override.py:1858} INFO - Created Permission View: can delete on DAG:ml_pipeline
[2026-05-31T17:51:56.157+0000] {logging_mixin.py:190} INFO - [2026-05-31T17:51:56.156+0000] {override.py:1858} INFO - Created Permission View: can edit on DAG:ml_pipeline
[2026-05-31T17:51:56.158+0000] {logging_mixin.py:190} INFO - [2026-05-31T17:51:56.158+0000] {dag.py:3211} INFO - Sync 1 DAGs
[2026-05-31T17:51:56.176+0000] {logging_mixin.py:190} INFO - [2026-05-31T17:51:56.176+0000] {dag.py:3234} INFO - Creating ORM DAG for ml_pipeline
[2026-05-31T17:51:56.191+0000] {logging_mixin.py:190} INFO - [2026-05-31T17:51:56.190+0000] {dag.py:4138} INFO - Setting next_dagrun for ml_pipeline to 2026-05-30 00:00:00+00:00, run_after=2026-05-31 00:00:00+00:00
[2026-05-31T17:51:56.257+0000] {processor.py:208} INFO - Processing /opt/airflow/dags/ml_pipeline.py took 0.664 seconds
[2026-05-31T17:52:26.374+0000] {processor.py:186} INFO - Started process (PID=173) to work on /opt/airflow/dags/ml_pipeline.py
[2026-05-31T17:52:26.375+0000] {processor.py:914} INFO - Processing file /opt/airflow/dags/ml_pipeline.py for tasks to queue
[2026-05-31T17:52:26.378+0000] {logging_mixin.py:190} INFO - [2026-05-31T17:52:26.378+0000] {dagbag.py:587} INFO - Filling up the DagBag from /opt/airflow/dags/ml_pipeline.py
[2026-05-31T17:52:26.404+0000] {processor.py:925} INFO - DAG(s) 'ml_pipeline' retrieved from /opt/airflow/dags/ml_pipeline.py
[2026-05-31T17:52:26.449+0000] {logging_mixin.py:190} INFO - [2026-05-31T17:52:26.449+0000] {dag.py:3211} INFO - Sync 1 DAGs
[2026-05-31T17:52:26.495+0000] {logging_mixin.py:190} INFO - [2026-05-31T17:52:26.494+0000] {dag.py:4138} INFO - Setting next_dagrun for ml_pipeline to 2026-05-30 00:00:00+00:00, run_after=2026-05-31 00:00:00+00:00
[2026-05-31T17:52:26.551+0000] {processor.py:208} INFO - Processing /opt/airflow/dags/ml_pipeline.py took 0.188 seconds
[2026-05-31T17:52:56.707+0000] {processor.py:186} INFO - Started process (PID=178) to work on /opt/airflow/dags/ml_pipeline.py
[2026-05-31T17:52:56.708+0000] {processor.py:914} INFO - Processing file /opt/airflow/dags/ml_pipeline.py for tasks to queue
[2026-05-31T17:52:56.711+0000] {logging_mixin.py:190} INFO - [2026-05-31T17:52:56.710+0000] {dagbag.py:587} INFO - Filling up the DagBag from /opt/airflow/dags/ml_pipeline.py
[2026-05-31T17:52:56.739+0000] {processor.py:925} INFO - DAG(s) 'ml_pipeline' retrieved from /opt/airflow/dags/ml_pipeline.py
[2026-05-31T17:52:56.787+0000] {logging_mixin.py:190} INFO - [2026-05-31T17:52:56.787+0000] {dag.py:3211} INFO - Sync 1 DAGs
[2026-05-31T17:52:56.819+0000] {logging_mixin.py:190} INFO - [2026-05-31T17:52:56.818+0000] {dag.py:4138} INFO - Setting next_dagrun for ml_pipeline to 2026-05-30 00:00:00+00:00, run_after=2026-05-31 00:00:00+00:00
[2026-05-31T17:52:57.310+0000] {processor.py:208} INFO - Processing /opt/airflow/dags/ml_pipeline.py took 0.614 seconds
[2026-05-31T17:53:27.420+0000] {processor.py:186} INFO - Started process (PID=215) to work on /opt/airflow/dags/ml_pipeline.py
[2026-05-31T17:53:27.421+0000] {processor.py:914} INFO - Processing file /opt/airflow/dags/ml_pipeline.py for tasks to queue
[2026-05-31T17:53:27.428+0000] {logging_mixin.py:190} INFO - [2026-05-31T17:53:27.427+0000] {dagbag.py:587} INFO - Filling up the DagBag from /opt/airflow/dags/ml_pipeline.py
[2026-05-31T17:53:27.454+0000] {processor.py:925} INFO - DAG(s) 'ml_pipeline' retrieved from /opt/airflow/dags/ml_pipeline.py
[2026-05-31T17:53:27.491+0000] {logging_mixin.py:190} INFO - [2026-05-31T17:53:27.491+0000] {dag.py:3211} INFO - Sync 1 DAGs
[2026-05-31T17:53:27.521+0000] {logging_mixin.py:190} INFO - [2026-05-31T17:53:27.521+0000] {dag.py:4138} INFO - Setting next_dagrun for ml_pipeline to 2026-05-31 00:00:00+00:00, run_after=2026-06-01 00:00:00+00:00
[2026-05-31T17:53:27.566+0000] {processor.py:208} INFO - Processing /opt/airflow/dags/ml_pipeline.py took 0.156 seconds
[2026-05-31T17:53:57.691+0000] {processor.py:186} INFO - Started process (PID=220) to work on /opt/airflow/dags/ml_pipeline.py
[2026-05-31T17:53:57.692+0000] {processor.py:914} INFO - Processing file /opt/airflow/dags/ml_pipeline.py for tasks to queue
[2026-05-31T17:53:57.694+0000] {logging_mixin.py:190} INFO - [2026-05-31T17:53:57.694+0000] {dagbag.py:587} INFO - Filling up the DagBag from /opt/airflow/dags/ml_pipeline.py
[2026-05-31T17:53:57.723+0000] {processor.py:925} INFO - DAG(s) 'ml_pipeline' retrieved from /opt/airflow/dags/ml_pipeline.py
[2026-05-31T17:53:57.765+0000] {logging_mixin.py:190} INFO - [2026-05-31T17:53:57.765+0000] {dag.py:3211} INFO - Sync 1 DAGs
[2026-05-31T17:53:57.805+0000] {logging_mixin.py:190} INFO - [2026-05-31T17:53:57.804+0000] {dag.py:4138} INFO - Setting next_dagrun for ml_pipeline to 2026-05-31 00:00:00+00:00, run_after=2026-06-01 00:00:00+00:00
[2026-05-31T17:53:57.858+0000] {processor.py:208} INFO - Processing /opt/airflow/dags/ml_pipeline.py took 0.177 seconds
[2026-05-31T17:54:27.972+0000] {processor.py:186} INFO - Started process (PID=225) to work on /opt/airflow/dags/ml_pipeline.py
[2026-05-31T17:54:27.973+0000] {processor.py:914} INFO - Processing file /opt/airflow/dags/ml_pipeline.py for tasks to queue
[2026-05-31T17:54:27.975+0000] {logging_mixin.py:190} INFO - [2026-05-31T17:54:27.975+0000] {dagbag.py:587} INFO - Filling up the DagBag from /opt/airflow/dags/ml_pipeline.py
[2026-05-31T17:54:27.998+0000] {processor.py:925} INFO - DAG(s) 'ml_pipeline' retrieved from /opt/airflow/dags/ml_pipeline.py
[2026-05-31T17:54:28.038+0000] {logging_mixin.py:190} INFO - [2026-05-31T17:54:28.038+0000] {dag.py:3211} INFO - Sync 1 DAGs
[2026-05-31T17:54:28.078+0000] {logging_mixin.py:190} INFO - [2026-05-31T17:54:28.078+0000] {dag.py:4138} INFO - Setting next_dagrun for ml_pipeline to 2026-05-31 00:00:00+00:00, run_after=2026-06-01 00:00:00+00:00
[2026-05-31T17:54:28.133+0000] {processor.py:208} INFO - Processing /opt/airflow/dags/ml_pipeline.py took 0.170 seconds
[2026-05-31T17:54:58.301+0000] {processor.py:186} INFO - Started process (PID=230) to work on /opt/airflow/dags/ml_pipeline.py
[2026-05-31T17:54:58.302+0000] {processor.py:914} INFO - Processing file /opt/airflow/dags/ml_pipeline.py for tasks to queue
[2026-05-31T17:54:58.304+0000] {logging_mixin.py:190} INFO - [2026-05-31T17:54:58.304+0000] {dagbag.py:587} INFO - Filling up the DagBag from /opt/airflow/dags/ml_pipeline.py
[2026-05-31T17:54:58.327+0000] {processor.py:925} INFO - DAG(s) 'ml_pipeline' retrieved from /opt/airflow/dags/ml_pipeline.py
[2026-05-31T17:54:58.361+0000] {logging_mixin.py:190} INFO - [2026-05-31T17:54:58.360+0000] {dag.py:3211} INFO - Sync 1 DAGs
[2026-05-31T17:54:58.390+0000] {logging_mixin.py:190} INFO - [2026-05-31T17:54:58.389+0000] {dag.py:4138} INFO - Setting next_dagrun for ml_pipeline to 2026-05-31 00:00:00+00:00, run_after=2026-06-01 00:00:00+00:00
[2026-05-31T17:54:58.427+0000] {processor.py:208} INFO - Processing /opt/airflow/dags/ml_pipeline.py took 0.134 seconds
[2026-05-31T17:55:28.543+0000] {processor.py:186} INFO - Started process (PID=235) to work on /opt/airflow/dags/ml_pipeline.py
[2026-05-31T17:55:28.544+0000] {processor.py:914} INFO - Processing file /opt/airflow/dags/ml_pipeline.py for tasks to queue
[2026-05-31T17:55:28.547+0000] {logging_mixin.py:190} INFO - [2026-05-31T17:55:28.547+0000] {dagbag.py:587} INFO - Filling up the DagBag from /opt/airflow/dags/ml_pipeline.py
[2026-05-31T17:55:28.576+0000] {processor.py:925} INFO - DAG(s) 'ml_pipeline' retrieved from /opt/airflow/dags/ml_pipeline.py
[2026-05-31T17:55:28.612+0000] {logging_mixin.py:190} INFO - [2026-05-31T17:55:28.612+0000] {dag.py:3211} INFO - Sync 1 DAGs
[2026-05-31T17:55:28.643+0000] {logging_mixin.py:190} INFO - [2026-05-31T17:55:28.643+0000] {dag.py:4138} INFO - Setting next_dagrun for ml_pipeline to 2026-05-31 00:00:00+00:00, run_after=2026-06-01 00:00:00+00:00
[2026-05-31T17:55:28.684+0000] {processor.py:208} INFO - Processing /opt/airflow/dags/ml_pipeline.py took 0.151 seconds
[2026-05-31T17:55:30.435+0000] {processor.py:186} INFO - Started process (PID=240) to work on /opt/airflow/dags/ml_pipeline.py
[2026-05-31T17:55:30.436+0000] {processor.py:914} INFO - Processing file /opt/airflow/dags/ml_pipeline.py for tasks to queue
[2026-05-31T17:55:30.439+0000] {logging_mixin.py:190} INFO - [2026-05-31T17:55:30.438+0000] {dagbag.py:587} INFO - Filling up the DagBag from /opt/airflow/dags/ml_pipeline.py
[2026-05-31T17:55:30.472+0000] {processor.py:925} INFO - DAG(s) 'ml_pipeline' retrieved from /opt/airflow/dags/ml_pipeline.py
[2026-05-31T17:55:30.511+0000] {logging_mixin.py:190} INFO - [2026-05-31T17:55:30.511+0000] {dag.py:3211} INFO - Sync 1 DAGs
[2026-05-31T17:55:30.541+0000] {logging_mixin.py:190} INFO - [2026-05-31T17:55:30.541+0000] {dag.py:4138} INFO - Setting next_dagrun for ml_pipeline to 2026-05-31 00:00:00+00:00, run_after=2026-06-01 00:00:00+00:00
[2026-05-31T17:55:30.589+0000] {processor.py:208} INFO - Processing /opt/airflow/dags/ml_pipeline.py took 0.164 seconds
[2026-05-31T17:55:30.646+0000] {processor.py:186} INFO - Started process (PID=245) to work on /opt/airflow/dags/ml_pipeline.py
[2026-05-31T17:55:30.647+0000] {processor.py:914} INFO - Processing file /opt/airflow/dags/ml_pipeline.py for tasks to queue
[2026-05-31T17:55:30.650+0000] {logging_mixin.py:190} INFO - [2026-05-31T17:55:30.650+0000] {dagbag.py:587} INFO - Filling up the DagBag from /opt/airflow/dags/ml_pipeline.py
[2026-05-31T17:55:30.676+0000] {processor.py:925} INFO - DAG(s) 'ml_pipeline' retrieved from /opt/airflow/dags/ml_pipeline.py
[2026-05-31T17:55:30.714+0000] {logging_mixin.py:190} INFO - [2026-05-31T17:55:30.714+0000] {dag.py:3211} INFO - Sync 1 DAGs
[2026-05-31T17:55:30.748+0000] {logging_mixin.py:190} INFO - [2026-05-31T17:55:30.747+0000] {dag.py:4138} INFO - Setting next_dagrun for ml_pipeline to 2026-05-31 00:00:00+00:00, run_after=2026-06-01 00:00:00+00:00
[2026-05-31T17:55:30.794+0000] {processor.py:208} INFO - Processing /opt/airflow/dags/ml_pipeline.py took 0.157 seconds
[2026-05-31T17:55:30.852+0000] {processor.py:186} INFO - Started process (PID=250) to work on /opt/airflow/dags/ml_pipeline.py
[2026-05-31T17:55:30.854+0000] {processor.py:914} INFO - Processing file /opt/airflow/dags/ml_pipeline.py for tasks to queue
[2026-05-31T17:55:30.858+0000] {logging_mixin.py:190} INFO - [2026-05-31T17:55:30.857+0000] {dagbag.py:587} INFO - Filling up the DagBag from /opt/airflow/dags/ml_pipeline.py
[2026-05-31T17:55:30.884+0000] {processor.py:925} INFO - DAG(s) 'ml_pipeline' retrieved from /opt/airflow/dags/ml_pipeline.py
[2026-05-31T17:55:30.931+0000] {logging_mixin.py:190} INFO - [2026-05-31T17:55:30.931+0000] {dag.py:3211} INFO - Sync 1 DAGs
[2026-05-31T17:55:30.972+0000] {logging_mixin.py:190} INFO - [2026-05-31T17:55:30.972+0000] {dag.py:4138} INFO - Setting next_dagrun for ml_pipeline to 2026-05-31 00:00:00+00:00, run_after=2026-06-01 00:00:00+00:00
[2026-05-31T17:55:31.028+0000] {processor.py:208} INFO - Processing /opt/airflow/dags/ml_pipeline.py took 0.184 seconds
[2026-05-31T17:55:31.117+0000] {processor.py:186} INFO - Started process (PID=255) to work on /opt/airflow/dags/ml_pipeline.py
[2026-05-31T17:55:31.118+0000] {processor.py:914} INFO - Processing file /opt/airflow/dags/ml_pipeline.py for tasks to queue
[2026-05-31T17:55:31.122+0000] {logging_mixin.py:190} INFO - [2026-05-31T17:55:31.121+0000] {dagbag.py:587} INFO - Filling up the DagBag from /opt/airflow/dags/ml_pipeline.py
[2026-05-31T17:55:31.148+0000] {processor.py:925} INFO - DAG(s) 'ml_pipeline' retrieved from /opt/airflow/dags/ml_pipeline.py
[2026-05-31T17:55:31.186+0000] {logging_mixin.py:190} INFO - [2026-05-31T17:55:31.185+0000] {dag.py:3211} INFO - Sync 1 DAGs
[2026-05-31T17:55:31.220+0000] {logging_mixin.py:190} INFO - [2026-05-31T17:55:31.220+0000] {dag.py:4138} INFO - Setting next_dagrun for ml_pipeline to 2026-05-31 00:00:00+00:00, run_after=2026-06-01 00:00:00+00:00
[2026-05-31T17:55:31.261+0000] {processor.py:208} INFO - Processing /opt/airflow/dags/ml_pipeline.py took 0.155 seconds
[2026-05-31T17:55:31.319+0000] {processor.py:186} INFO - Started process (PID=260) to work on /opt/airflow/dags/ml_pipeline.py
[2026-05-31T17:55:31.320+0000] {processor.py:914} INFO - Processing file /opt/airflow/dags/ml_pipeline.py for tasks to queue
[2026-05-31T17:55:31.323+0000] {logging_mixin.py:190} INFO - [2026-05-31T17:55:31.322+0000] {dagbag.py:587} INFO - Filling up the DagBag from /opt/airflow/dags/ml_pipeline.py
[2026-05-31T17:55:31.348+0000] {processor.py:925} INFO - DAG(s) 'ml_pipeline' retrieved from /opt/airflow/dags/ml_pipeline.py
[2026-05-31T17:55:31.386+0000] {logging_mixin.py:190} INFO - [2026-05-31T17:55:31.385+0000] {dag.py:3211} INFO - Sync 1 DAGs
[2026-05-31T17:55:31.418+0000] {logging_mixin.py:190} INFO - [2026-05-31T17:55:31.417+0000] {dag.py:4138} INFO - Setting next_dagrun for ml_pipeline to 2026-05-31 00:00:00+00:00, run_after=2026-06-01 00:00:00+00:00
[2026-05-31T17:55:31.461+0000] {processor.py:208} INFO - Processing /opt/airflow/dags/ml_pipeline.py took 0.151 seconds
[2026-05-31T17:56:01.572+0000] {processor.py:186} INFO - Started process (PID=265) to work on /opt/airflow/dags/ml_pipeline.py
[2026-05-31T17:56:01.573+0000] {processor.py:914} INFO - Processing file /opt/airflow/dags/ml_pipeline.py for tasks to queue
[2026-05-31T17:56:01.575+0000] {logging_mixin.py:190} INFO - [2026-05-31T17:56:01.575+0000] {dagbag.py:587} INFO - Filling up the DagBag from /opt/airflow/dags/ml_pipeline.py
[2026-05-31T17:56:01.599+0000] {processor.py:925} INFO - DAG(s) 'ml_pipeline' retrieved from /opt/airflow/dags/ml_pipeline.py
[2026-05-31T17:56:01.641+0000] {logging_mixin.py:190} INFO - [2026-05-31T17:56:01.640+0000] {dag.py:3211} INFO - Sync 1 DAGs
[2026-05-31T17:56:01.674+0000] {logging_mixin.py:190} INFO - [2026-05-31T17:56:01.674+0000] {dag.py:4138} INFO - Setting next_dagrun for ml_pipeline to 2026-05-31 00:00:00+00:00, run_after=2026-06-01 00:00:00+00:00
[2026-05-31T17:56:01.716+0000] {processor.py:208} INFO - Processing /opt/airflow/dags/ml_pipeline.py took 0.152 seconds
[2026-05-31T17:56:31.828+0000] {processor.py:186} INFO - Started process (PID=270) to work on /opt/airflow/dags/ml_pipeline.py
[2026-05-31T17:56:31.829+0000] {processor.py:914} INFO - Processing file /opt/airflow/dags/ml_pipeline.py for tasks to queue
[2026-05-31T17:56:31.832+0000] {logging_mixin.py:190} INFO - [2026-05-31T17:56:31.832+0000] {dagbag.py:587} INFO - Filling up the DagBag from /opt/airflow/dags/ml_pipeline.py
[2026-05-31T17:56:31.855+0000] {processor.py:925} INFO - DAG(s) 'ml_pipeline' retrieved from /opt/airflow/dags/ml_pipeline.py
[2026-05-31T17:56:31.889+0000] {logging_mixin.py:190} INFO - [2026-05-31T17:56:31.889+0000] {dag.py:3211} INFO - Sync 1 DAGs
[2026-05-31T17:56:31.919+0000] {logging_mixin.py:190} INFO - [2026-05-31T17:56:31.919+0000] {dag.py:4138} INFO - Setting next_dagrun for ml_pipeline to 2026-05-31 00:00:00+00:00, run_after=2026-06-01 00:00:00+00:00
[2026-05-31T17:56:31.970+0000] {processor.py:208} INFO - Processing /opt/airflow/dags/ml_pipeline.py took 0.152 seconds
[2026-05-31T17:57:02.115+0000] {processor.py:186} INFO - Started process (PID=275) to work on /opt/airflow/dags/ml_pipeline.py
[2026-05-31T17:57:02.116+0000] {processor.py:914} INFO - Processing file /opt/airflow/dags/ml_pipeline.py for tasks to queue
[2026-05-31T17:57:02.118+0000] {logging_mixin.py:190} INFO - [2026-05-31T17:57:02.118+0000] {dagbag.py:587} INFO - Filling up the DagBag from /opt/airflow/dags/ml_pipeline.py
[2026-05-31T17:57:02.147+0000] {processor.py:925} INFO - DAG(s) 'ml_pipeline' retrieved from /opt/airflow/dags/ml_pipeline.py
[2026-05-31T17:57:02.194+0000] {logging_mixin.py:190} INFO - [2026-05-31T17:57:02.193+0000] {dag.py:3211} INFO - Sync 1 DAGs
[2026-05-31T17:57:02.230+0000] {logging_mixin.py:190} INFO - [2026-05-31T17:57:02.229+0000] {dag.py:4138} INFO - Setting next_dagrun for ml_pipeline to 2026-05-31 00:00:00+00:00, run_after=2026-06-01 00:00:00+00:00
[2026-05-31T17:57:02.280+0000] {processor.py:208} INFO - Processing /opt/airflow/dags/ml_pipeline.py took 0.175 seconds
[2026-05-31T17:57:32.427+0000] {processor.py:186} INFO - Started process (PID=280) to work on /opt/airflow/dags/ml_pipeline.py
[2026-05-31T17:57:32.428+0000] {processor.py:914} INFO - Processing file /opt/airflow/dags/ml_pipeline.py for tasks to queue
[2026-05-31T17:57:32.431+0000] {logging_mixin.py:190} INFO - [2026-05-31T17:57:32.431+0000] {dagbag.py:587} INFO - Filling up the DagBag from /opt/airflow/dags/ml_pipeline.py
[2026-05-31T17:57:32.459+0000] {processor.py:925} INFO - DAG(s) 'ml_pipeline' retrieved from /opt/airflow/dags/ml_pipeline.py
[2026-05-31T17:57:32.518+0000] {logging_mixin.py:190} INFO - [2026-05-31T17:57:32.517+0000] {dag.py:3211} INFO - Sync 1 DAGs
[2026-05-31T17:57:32.580+0000] {logging_mixin.py:190} INFO - [2026-05-31T17:57:32.580+0000] {dag.py:4138} INFO - Setting next_dagrun for ml_pipeline to 2026-05-31 00:00:00+00:00, run_after=2026-06-01 00:00:00+00:00
[2026-05-31T17:57:32.655+0000] {processor.py:208} INFO - Processing /opt/airflow/dags/ml_pipeline.py took 0.239 seconds
[2026-05-31T17:57:40.004+0000] {processor.py:186} INFO - Started process (PID=285) to work on /opt/airflow/dags/ml_pipeline.py
[2026-05-31T17:57:40.005+0000] {processor.py:914} INFO - Processing file /opt/airflow/dags/ml_pipeline.py for tasks to queue
[2026-05-31T17:57:40.009+0000] {logging_mixin.py:190} INFO - [2026-05-31T17:57:40.008+0000] {dagbag.py:587} INFO - Filling up the DagBag from /opt/airflow/dags/ml_pipeline.py
[2026-05-31T17:57:40.050+0000] {processor.py:925} INFO - DAG(s) 'ml_pipeline' retrieved from /opt/airflow/dags/ml_pipeline.py
[2026-05-31T17:57:40.389+0000] {logging_mixin.py:190} INFO - [2026-05-31T17:57:40.388+0000] {dag.py:3211} INFO - Sync 1 DAGs
[2026-05-31T17:57:40.424+0000] {logging_mixin.py:190} INFO - [2026-05-31T17:57:40.423+0000] {dag.py:4138} INFO - Setting next_dagrun for ml_pipeline to 2026-05-31 00:00:00+00:00, run_after=2026-06-01 00:00:00+00:00
[2026-05-31T17:57:40.470+0000] {processor.py:208} INFO - Processing /opt/airflow/dags/ml_pipeline.py took 0.476 seconds
[2026-05-31T17:58:10.633+0000] {processor.py:186} INFO - Started process (PID=290) to work on /opt/airflow/dags/ml_pipeline.py
[2026-05-31T17:58:10.634+0000] {processor.py:914} INFO - Processing file /opt/airflow/dags/ml_pipeline.py for tasks to queue
[2026-05-31T17:58:10.637+0000] {logging_mixin.py:190} INFO - [2026-05-31T17:58:10.636+0000] {dagbag.py:587} INFO - Filling up the DagBag from /opt/airflow/dags/ml_pipeline.py
[2026-05-31T17:58:10.663+0000] {processor.py:925} INFO - DAG(s) 'ml_pipeline' retrieved from /opt/airflow/dags/ml_pipeline.py
[2026-05-31T17:58:10.699+0000] {logging_mixin.py:190} INFO - [2026-05-31T17:58:10.699+0000] {dag.py:3211} INFO - Sync 1 DAGs
[2026-05-31T17:58:10.727+0000] {logging_mixin.py:190} INFO - [2026-05-31T17:58:10.727+0000] {dag.py:4138} INFO - Setting next_dagrun for ml_pipeline to 2026-05-31 00:00:00+00:00, run_after=2026-06-01 00:00:00+00:00
[2026-05-31T17:58:10.797+0000] {processor.py:208} INFO - Processing /opt/airflow/dags/ml_pipeline.py took 0.173 seconds
[2026-05-31T18:00:36.689+0000] {processor.py:186} INFO - Started process (PID=185) to work on /opt/airflow/dags/ml_pipeline.py
[2026-05-31T18:00:36.690+0000] {processor.py:914} INFO - Processing file /opt/airflow/dags/ml_pipeline.py for tasks to queue
[2026-05-31T18:00:36.692+0000] {logging_mixin.py:190} INFO - [2026-05-31T18:00:36.691+0000] {dagbag.py:587} INFO - Filling up the DagBag from /opt/airflow/dags/ml_pipeline.py
[2026-05-31T18:00:36.733+0000] {processor.py:925} INFO - DAG(s) 'ml_pipeline' retrieved from /opt/airflow/dags/ml_pipeline.py
[2026-05-31T18:00:37.118+0000] {logging_mixin.py:190} INFO - [2026-05-31T18:00:37.117+0000] {override.py:1858} INFO - Created Permission View: can read on DAG:ml_pipeline
[2026-05-31T18:00:37.216+0000] {logging_mixin.py:190} INFO - [2026-05-31T18:00:37.215+0000] {override.py:1858} INFO - Created Permission View: can delete on DAG:ml_pipeline
[2026-05-31T18:00:37.295+0000] {logging_mixin.py:190} INFO - [2026-05-31T18:00:37.295+0000] {override.py:1858} INFO - Created Permission View: can edit on DAG:ml_pipeline
[2026-05-31T18:00:37.296+0000] {logging_mixin.py:190} INFO - [2026-05-31T18:00:37.296+0000] {dag.py:3211} INFO - Sync 1 DAGs
[2026-05-31T18:00:37.313+0000] {logging_mixin.py:190} INFO - [2026-05-31T18:00:37.313+0000] {dag.py:3234} INFO - Creating ORM DAG for ml_pipeline
[2026-05-31T18:00:37.327+0000] {logging_mixin.py:190} INFO - [2026-05-31T18:00:37.327+0000] {dag.py:4138} INFO - Setting next_dagrun for ml_pipeline to 2026-05-30 00:00:00+00:00, run_after=2026-05-31 00:00:00+00:00
[2026-05-31T18:00:37.403+0000] {processor.py:208} INFO - Processing /opt/airflow/dags/ml_pipeline.py took 0.721 seconds
[2026-05-31T18:01:07.548+0000] {processor.py:186} INFO - Started process (PID=190) to work on /opt/airflow/dags/ml_pipeline.py
[2026-05-31T18:01:07.550+0000] {processor.py:914} INFO - Processing file /opt/airflow/dags/ml_pipeline.py for tasks to queue
[2026-05-31T18:01:07.553+0000] {logging_mixin.py:190} INFO - [2026-05-31T18:01:07.552+0000] {dagbag.py:587} INFO - Filling up the DagBag from /opt/airflow/dags/ml_pipeline.py
[2026-05-31T18:01:07.577+0000] {processor.py:925} INFO - DAG(s) 'ml_pipeline' retrieved from /opt/airflow/dags/ml_pipeline.py
[2026-05-31T18:01:07.615+0000] {logging_mixin.py:190} INFO - [2026-05-31T18:01:07.615+0000] {dag.py:3211} INFO - Sync 1 DAGs
[2026-05-31T18:01:07.645+0000] {logging_mixin.py:190} INFO - [2026-05-31T18:01:07.645+0000] {dag.py:4138} INFO - Setting next_dagrun for ml_pipeline to 2026-05-30 00:00:00+00:00, run_after=2026-05-31 00:00:00+00:00
[2026-05-31T18:01:07.696+0000] {processor.py:208} INFO - Processing /opt/airflow/dags/ml_pipeline.py took 0.157 seconds
[2026-05-31T18:01:37.842+0000] {processor.py:186} INFO - Started process (PID=201) to work on /opt/airflow/dags/ml_pipeline.py
[2026-05-31T18:01:37.843+0000] {processor.py:914} INFO - Processing file /opt/airflow/dags/ml_pipeline.py for tasks to queue
[2026-05-31T18:01:37.846+0000] {logging_mixin.py:190} INFO - [2026-05-31T18:01:37.845+0000] {dagbag.py:587} INFO - Filling up the DagBag from /opt/airflow/dags/ml_pipeline.py
[2026-05-31T18:01:37.872+0000] {processor.py:925} INFO - DAG(s) 'ml_pipeline' retrieved from /opt/airflow/dags/ml_pipeline.py
[2026-05-31T18:01:37.908+0000] {logging_mixin.py:190} INFO - [2026-05-31T18:01:37.907+0000] {dag.py:3211} INFO - Sync 1 DAGs
[2026-05-31T18:01:37.946+0000] {logging_mixin.py:190} INFO - [2026-05-31T18:01:37.946+0000] {dag.py:4138} INFO - Setting next_dagrun for ml_pipeline to 2026-05-31 00:00:00+00:00, run_after=2026-06-01 00:00:00+00:00
[2026-05-31T18:01:38.032+0000] {processor.py:208} INFO - Processing /opt/airflow/dags/ml_pipeline.py took 0.200 seconds
[2026-05-31T18:02:08.172+0000] {processor.py:186} INFO - Started process (PID=212) to work on /opt/airflow/dags/ml_pipeline.py
[2026-05-31T18:02:08.173+0000] {processor.py:914} INFO - Processing file /opt/airflow/dags/ml_pipeline.py for tasks to queue
[2026-05-31T18:02:08.176+0000] {logging_mixin.py:190} INFO - [2026-05-31T18:02:08.175+0000] {dagbag.py:587} INFO - Filling up the DagBag from /opt/airflow/dags/ml_pipeline.py
[2026-05-31T18:02:08.202+0000] {processor.py:925} INFO - DAG(s) 'ml_pipeline' retrieved from /opt/airflow/dags/ml_pipeline.py
[2026-05-31T18:02:08.248+0000] {logging_mixin.py:190} INFO - [2026-05-31T18:02:08.248+0000] {dag.py:3211} INFO - Sync 1 DAGs
[2026-05-31T18:02:08.288+0000] {logging_mixin.py:190} INFO - [2026-05-31T18:02:08.288+0000] {dag.py:4138} INFO - Setting next_dagrun for ml_pipeline to 2026-05-31 00:00:00+00:00, run_after=2026-06-01 00:00:00+00:00
[2026-05-31T18:02:08.356+0000] {processor.py:208} INFO - Processing /opt/airflow/dags/ml_pipeline.py took 0.193 seconds
[2026-05-31T18:02:38.485+0000] {processor.py:186} INFO - Started process (PID=223) to work on /opt/airflow/dags/ml_pipeline.py
[2026-05-31T18:02:38.487+0000] {processor.py:914} INFO - Processing file /opt/airflow/dags/ml_pipeline.py for tasks to queue
[2026-05-31T18:02:38.490+0000] {logging_mixin.py:190} INFO - [2026-05-31T18:02:38.490+0000] {dagbag.py:587} INFO - Filling up the DagBag from /opt/airflow/dags/ml_pipeline.py
[2026-05-31T18:02:38.512+0000] {processor.py:925} INFO - DAG(s) 'ml_pipeline' retrieved from /opt/airflow/dags/ml_pipeline.py
[2026-05-31T18:02:38.552+0000] {logging_mixin.py:190} INFO - [2026-05-31T18:02:38.551+0000] {dag.py:3211} INFO - Sync 1 DAGs
[2026-05-31T18:02:38.586+0000] {logging_mixin.py:190} INFO - [2026-05-31T18:02:38.585+0000] {dag.py:4138} INFO - Setting next_dagrun for ml_pipeline to 2026-05-31 00:00:00+00:00, run_after=2026-06-01 00:00:00+00:00
[2026-05-31T18:02:38.672+0000] {processor.py:208} INFO - Processing /opt/airflow/dags/ml_pipeline.py took 0.198 seconds
[2026-05-31T18:03:08.802+0000] {processor.py:186} INFO - Started process (PID=228) to work on /opt/airflow/dags/ml_pipeline.py
[2026-05-31T18:03:08.803+0000] {processor.py:914} INFO - Processing file /opt/airflow/dags/ml_pipeline.py for tasks to queue
[2026-05-31T18:03:08.806+0000] {logging_mixin.py:190} INFO - [2026-05-31T18:03:08.806+0000] {dagbag.py:587} INFO - Filling up the DagBag from /opt/airflow/dags/ml_pipeline.py
[2026-05-31T18:03:08.830+0000] {processor.py:925} INFO - DAG(s) 'ml_pipeline' retrieved from /opt/airflow/dags/ml_pipeline.py
[2026-05-31T18:03:08.865+0000] {logging_mixin.py:190} INFO - [2026-05-31T18:03:08.864+0000] {dag.py:3211} INFO - Sync 1 DAGs
[2026-05-31T18:03:08.896+0000] {logging_mixin.py:190} INFO - [2026-05-31T18:03:08.896+0000] {dag.py:4138} INFO - Setting next_dagrun for ml_pipeline to 2026-05-31 00:00:00+00:00, run_after=2026-06-01 00:00:00+00:00
[2026-05-31T18:03:08.935+0000] {processor.py:208} INFO - Processing /opt/airflow/dags/ml_pipeline.py took 0.143 seconds
[2026-05-31T18:03:39.046+0000] {processor.py:186} INFO - Started process (PID=233) to work on /opt/airflow/dags/ml_pipeline.py
[2026-05-31T18:03:39.047+0000] {processor.py:914} INFO - Processing file /opt/airflow/dags/ml_pipeline.py for tasks to queue
[2026-05-31T18:03:39.050+0000] {logging_mixin.py:190} INFO - [2026-05-31T18:03:39.050+0000] {dagbag.py:587} INFO - Filling up the DagBag from /opt/airflow/dags/ml_pipeline.py
[2026-05-31T18:03:39.078+0000] {processor.py:925} INFO - DAG(s) 'ml_pipeline' retrieved from /opt/airflow/dags/ml_pipeline.py
[2026-05-31T18:03:39.118+0000] {logging_mixin.py:190} INFO - [2026-05-31T18:03:39.118+0000] {dag.py:3211} INFO - Sync 1 DAGs
[2026-05-31T18:03:39.154+0000] {logging_mixin.py:190} INFO - [2026-05-31T18:03:39.153+0000] {dag.py:4138} INFO - Setting next_dagrun for ml_pipeline to 2026-05-31 00:00:00+00:00, run_after=2026-06-01 00:00:00+00:00
[2026-05-31T18:03:39.209+0000] {processor.py:208} INFO - Processing /opt/airflow/dags/ml_pipeline.py took 0.172 seconds
[2026-05-31T18:04:09.408+0000] {processor.py:186} INFO - Started process (PID=238) to work on /opt/airflow/dags/ml_pipeline.py
[2026-05-31T18:04:09.409+0000] {processor.py:914} INFO - Processing file /opt/airflow/dags/ml_pipeline.py for tasks to queue
[2026-05-31T18:04:09.412+0000] {logging_mixin.py:190} INFO - [2026-05-31T18:04:09.411+0000] {dagbag.py:587} INFO - Filling up the DagBag from /opt/airflow/dags/ml_pipeline.py
[2026-05-31T18:04:09.439+0000] {processor.py:925} INFO - DAG(s) 'ml_pipeline' retrieved from /opt/airflow/dags/ml_pipeline.py
[2026-05-31T18:04:09.480+0000] {logging_mixin.py:190} INFO - [2026-05-31T18:04:09.480+0000] {dag.py:3211} INFO - Sync 1 DAGs
[2026-05-31T18:04:09.512+0000] {logging_mixin.py:190} INFO - [2026-05-31T18:04:09.511+0000] {dag.py:4138} INFO - Setting next_dagrun for ml_pipeline to 2026-05-31 00:00:00+00:00, run_after=2026-06-01 00:00:00+00:00
[2026-05-31T18:04:09.603+0000] {processor.py:208} INFO - Processing /opt/airflow/dags/ml_pipeline.py took 0.206 seconds
[2026-05-31T18:04:40.444+0000] {processor.py:186} INFO - Started process (PID=243) to work on /opt/airflow/dags/ml_pipeline.py
[2026-05-31T18:04:40.445+0000] {processor.py:914} INFO - Processing file /opt/airflow/dags/ml_pipeline.py for tasks to queue
[2026-05-31T18:04:40.449+0000] {logging_mixin.py:190} INFO - [2026-05-31T18:04:40.449+0000] {dagbag.py:587} INFO - Filling up the DagBag from /opt/airflow/dags/ml_pipeline.py
[2026-05-31T18:04:40.476+0000] {processor.py:925} INFO - DAG(s) 'ml_pipeline' retrieved from /opt/airflow/dags/ml_pipeline.py
[2026-05-31T18:04:40.518+0000] {logging_mixin.py:190} INFO - [2026-05-31T18:04:40.517+0000] {dag.py:3211} INFO - Sync 1 DAGs
[2026-05-31T18:04:40.554+0000] {logging_mixin.py:190} INFO - [2026-05-31T18:04:40.553+0000] {dag.py:4138} INFO - Setting next_dagrun for ml_pipeline to 2026-05-31 00:00:00+00:00, run_after=2026-06-01 00:00:00+00:00
[2026-05-31T18:04:40.606+0000] {processor.py:208} INFO - Processing /opt/airflow/dags/ml_pipeline.py took 0.172 seconds
[2026-05-31T18:05:10.770+0000] {processor.py:186} INFO - Started process (PID=248) to work on /opt/airflow/dags/ml_pipeline.py
[2026-05-31T18:05:10.772+0000] {processor.py:914} INFO - Processing file /opt/airflow/dags/ml_pipeline.py for tasks to queue
[2026-05-31T18:05:10.775+0000] {logging_mixin.py:190} INFO - [2026-05-31T18:05:10.775+0000] {dagbag.py:587} INFO - Filling up the DagBag from /opt/airflow/dags/ml_pipeline.py
[2026-05-31T18:05:10.802+0000] {processor.py:925} INFO - DAG(s) 'ml_pipeline' retrieved from /opt/airflow/dags/ml_pipeline.py
[2026-05-31T18:05:10.836+0000] {logging_mixin.py:190} INFO - [2026-05-31T18:05:10.836+0000] {dag.py:3211} INFO - Sync 1 DAGs
[2026-05-31T18:05:10.869+0000] {logging_mixin.py:190} INFO - [2026-05-31T18:05:10.869+0000] {dag.py:4138} INFO - Setting next_dagrun for ml_pipeline to 2026-05-31 00:00:00+00:00, run_after=2026-06-01 00:00:00+00:00
[2026-05-31T18:05:10.939+0000] {processor.py:208} INFO - Processing /opt/airflow/dags/ml_pipeline.py took 0.180 seconds
[2026-05-31T18:05:41.038+0000] {processor.py:186} INFO - Started process (PID=253) to work on /opt/airflow/dags/ml_pipeline.py
[2026-05-31T18:05:41.039+0000] {processor.py:914} INFO - Processing file /opt/airflow/dags/ml_pipeline.py for tasks to queue
[2026-05-31T18:05:41.041+0000] {logging_mixin.py:190} INFO - [2026-05-31T18:05:41.041+0000] {dagbag.py:587} INFO - Filling up the DagBag from /opt/airflow/dags/ml_pipeline.py
[2026-05-31T18:05:41.066+0000] {processor.py:925} INFO - DAG(s) 'ml_pipeline' retrieved from /opt/airflow/dags/ml_pipeline.py
[2026-05-31T18:05:41.101+0000] {logging_mixin.py:190} INFO - [2026-05-31T18:05:41.100+0000] {dag.py:3211} INFO - Sync 1 DAGs
[2026-05-31T18:05:41.449+0000] {logging_mixin.py:190} INFO - [2026-05-31T18:05:41.448+0000] {dag.py:4138} INFO - Setting next_dagrun for ml_pipeline to 2026-05-31 00:00:00+00:00, run_after=2026-06-01 00:00:00+00:00
[2026-05-31T18:05:41.552+0000] {processor.py:208} INFO - Processing /opt/airflow/dags/ml_pipeline.py took 0.523 seconds
[2026-05-31T18:06:11.954+0000] {processor.py:186} INFO - Started process (PID=258) to work on /opt/airflow/dags/ml_pipeline.py
[2026-05-31T18:06:11.957+0000] {processor.py:914} INFO - Processing file /opt/airflow/dags/ml_pipeline.py for tasks to queue
[2026-05-31T18:06:11.965+0000] {logging_mixin.py:190} INFO - [2026-05-31T18:06:11.964+0000] {dagbag.py:587} INFO - Filling up the DagBag from /opt/airflow/dags/ml_pipeline.py
[2026-05-31T18:06:11.997+0000] {processor.py:925} INFO - DAG(s) 'ml_pipeline' retrieved from /opt/airflow/dags/ml_pipeline.py
[2026-05-31T18:06:12.038+0000] {logging_mixin.py:190} INFO - [2026-05-31T18:06:12.038+0000] {dag.py:3211} INFO - Sync 1 DAGs
[2026-05-31T18:06:12.235+0000] {logging_mixin.py:190} INFO - [2026-05-31T18:06:12.234+0000] {dag.py:4138} INFO - Setting next_dagrun for ml_pipeline to 2026-05-31 00:00:00+00:00, run_after=2026-06-01 00:00:00+00:00
[2026-05-31T18:06:12.275+0000] {processor.py:208} INFO - Processing /opt/airflow/dags/ml_pipeline.py took 0.331 seconds
[2026-05-31T18:06:42.422+0000] {processor.py:186} INFO - Started process (PID=263) to work on /opt/airflow/dags/ml_pipeline.py
[2026-05-31T18:06:42.423+0000] {processor.py:914} INFO - Processing file /opt/airflow/dags/ml_pipeline.py for tasks to queue
[2026-05-31T18:06:42.427+0000] {logging_mixin.py:190} INFO - [2026-05-31T18:06:42.426+0000] {dagbag.py:587} INFO - Filling up the DagBag from /opt/airflow/dags/ml_pipeline.py
[2026-05-31T18:06:42.465+0000] {processor.py:925} INFO - DAG(s) 'ml_pipeline' retrieved from /opt/airflow/dags/ml_pipeline.py
[2026-05-31T18:06:42.517+0000] {logging_mixin.py:190} INFO - [2026-05-31T18:06:42.516+0000] {dag.py:3211} INFO - Sync 1 DAGs
[2026-05-31T18:06:42.560+0000] {logging_mixin.py:190} INFO - [2026-05-31T18:06:42.560+0000] {dag.py:4138} INFO - Setting next_dagrun for ml_pipeline to 2026-05-31 00:00:00+00:00, run_after=2026-06-01 00:00:00+00:00
[2026-05-31T18:06:42.613+0000] {processor.py:208} INFO - Processing /opt/airflow/dags/ml_pipeline.py took 0.201 seconds
[2026-05-31T18:07:12.731+0000] {processor.py:186} INFO - Started process (PID=268) to work on /opt/airflow/dags/ml_pipeline.py
[2026-05-31T18:07:12.732+0000] {processor.py:914} INFO - Processing file /opt/airflow/dags/ml_pipeline.py for tasks to queue
[2026-05-31T18:07:12.735+0000] {logging_mixin.py:190} INFO - [2026-05-31T18:07:12.735+0000] {dagbag.py:587} INFO - Filling up the DagBag from /opt/airflow/dags/ml_pipeline.py
[2026-05-31T18:07:12.759+0000] {processor.py:925} INFO - DAG(s) 'ml_pipeline' retrieved from /opt/airflow/dags/ml_pipeline.py
[2026-05-31T18:07:12.794+0000] {logging_mixin.py:190} INFO - [2026-05-31T18:07:12.793+0000] {dag.py:3211} INFO - Sync 1 DAGs
[2026-05-31T18:07:12.825+0000] {logging_mixin.py:190} INFO - [2026-05-31T18:07:12.825+0000] {dag.py:4138} INFO - Setting next_dagrun for ml_pipeline to 2026-05-31 00:00:00+00:00, run_after=2026-06-01 00:00:00+00:00
[2026-05-31T18:07:12.867+0000] {processor.py:208} INFO - Processing /opt/airflow/dags/ml_pipeline.py took 0.145 seconds
