[2026-05-31T17:48:16.436+0000] {local_task_job_runner.py:123} INFO - ::group::Pre task execution logs
[2026-05-31T17:48:16.466+0000] {taskinstance.py:2603} INFO - Dependencies all met for dep_context=non-requeueable deps ti=<TaskInstance: ml_pipeline.train scheduled__2026-05-30T00:00:00+00:00 [queued]>
[2026-05-31T17:48:16.475+0000] {taskinstance.py:2603} INFO - Dependencies all met for dep_context=requeueable deps ti=<TaskInstance: ml_pipeline.train scheduled__2026-05-30T00:00:00+00:00 [queued]>
[2026-05-31T17:48:16.476+0000] {taskinstance.py:2856} INFO - Starting attempt 1 of 1
[2026-05-31T17:48:16.539+0000] {taskinstance.py:2879} INFO - Executing <Task(PythonOperator): train> on 2026-05-30 00:00:00+00:00
[2026-05-31T17:48:16.555+0000] {logging_mixin.py:190} WARNING - /home/***/.local/lib/python3.12/site-packages/***/task/task_runner/standard_task_runner.py:70 DeprecationWarning: This process (pid=236) is multi-threaded, use of fork() may lead to deadlocks in the child.
[2026-05-31T17:48:16.558+0000] {standard_task_runner.py:72} INFO - Started process 265 to run task
[2026-05-31T17:48:16.603+0000] {standard_task_runner.py:104} INFO - Running: ['***', 'tasks', 'run', 'ml_pipeline', 'train', 'scheduled__2026-05-30T00:00:00+00:00', '--job-id', '2', '--raw', '--subdir', 'DAGS_FOLDER/ml_pipeline.py', '--cfg-path', '/tmp/tmpv8bbjf3h']
[2026-05-31T17:48:16.607+0000] {standard_task_runner.py:105} INFO - Job 2: Subtask train
[2026-05-31T17:48:16.752+0000] {task_command.py:467} INFO - Running <TaskInstance: ml_pipeline.train scheduled__2026-05-30T00:00:00+00:00 [running]> on host 1115e13b8ebf
[2026-05-31T17:48:16.938+0000] {taskinstance.py:3122} INFO - Exporting env vars: AIRFLOW_CTX_DAG_OWNER='***' AIRFLOW_CTX_DAG_ID='ml_pipeline' AIRFLOW_CTX_TASK_ID='train' AIRFLOW_CTX_EXECUTION_DATE='2026-05-30T00:00:00+00:00' AIRFLOW_CTX_TRY_NUMBER='1' AIRFLOW_CTX_DAG_RUN_ID='scheduled__2026-05-30T00:00:00+00:00'
[2026-05-31T17:48:16.940+0000] {taskinstance.py:731} INFO - ::endgroup::
[2026-05-31T17:48:18.042+0000] {logging_mixin.py:190} WARNING - 2026/05/31 17:48:18 INFO mlflow.store.db.utils: Creating initial MLflow database tables...
[2026-05-31T17:48:19.302+0000] {logging_mixin.py:190} WARNING - 2026/05/31 17:48:19 INFO mlflow.store.db.utils: Updating database tables
[2026-05-31T17:48:57.031+0000] {logging_mixin.py:190} WARNING - 2026/05/31 17:48:57 INFO mlflow.tracking.fluent: Experiment with name 'demand_forecast' does not exist. Creating a new experiment.
[2026-05-31T17:48:57.502+0000] {logging_mixin.py:190} WARNING - 2026/05/31 17:48:57 WARNING mlflow.utils.git_utils: Failed to import Git (the Git executable is probably not on your PATH), so Git SHA is not available. Error: Failed to initialize: Bad git executable.
The git executable must be specified in one of the following ways:
    - be included in your $PATH
    - be set via $GIT_PYTHON_GIT_EXECUTABLE
    - explicitly set via git.refresh(<full-path-to-git-executable>)

All git commands will error until this is rectified.

This initial message can be silenced or aggravated in the future by setting the
$GIT_PYTHON_REFRESH environment variable. Use one of the following values:
    - quiet|q|silence|s|silent|none|n|0: for no message or exception
    - warn|w|warning|log|l|1: for a warning message (logging level CRITICAL, displayed by default)
    - error|e|exception|raise|r|2: for a raised exception

Example:
    export GIT_PYTHON_REFRESH=quiet
[2026-05-31T17:48:58.344+0000] {logging_mixin.py:190} WARNING - 2026/05/31 17:48:58 WARNING mlflow.models.model: `artifact_path` is deprecated. Please use `name` instead.
[2026-05-31T17:48:59.202+0000] {logging_mixin.py:190} WARNING - 2026/05/31 17:48:59 WARNING mlflow.sklearn: Saving scikit-learn models in the pickle or cloudpickle format requires exercising caution because these formats rely on Python's object serialization mechanism, which can execute arbitrary code during deserialization. The recommended safe alternative is the 'skops' format. For more information, see: https://scikit-learn.org/stable/model_persistence.html
[2026-05-31T17:49:06.978+0000] {local_task_job_runner.py:127} ERROR - Received SIGTERM. Terminating subprocesses
[2026-05-31T17:49:06.989+0000] {process_utils.py:132} INFO - Sending 15 to group 265. PIDs of all processes in the group: [265]
[2026-05-31T17:49:07.077+0000] {process_utils.py:87} INFO - Sending the signal 15 to group 265
[2026-05-31T17:49:07.086+0000] {taskinstance.py:3083} ERROR - Received SIGTERM. Terminating subprocesses.
[2026-05-31T17:49:07.818+0000] {taskinstance.py:3301} ERROR - Task failed with exception
Traceback (most recent call last):
  File "/home/airflow/.local/lib/python3.12/site-packages/airflow/models/taskinstance.py", line 767, in _execute_task
    result = _execute_callable(context=context, **execute_callable_kwargs)
             ^^^^^^^^^^^^^^^^^^^^^^^^^^^^^^^^^^^^^^^^^^^^^^^^^^^^^^^^^^^^^
  File "/home/airflow/.local/lib/python3.12/site-packages/airflow/models/taskinstance.py", line 733, in _execute_callable
    return ExecutionCallableRunner(
           ^^^^^^^^^^^^^^^^^^^^^^^^
  File "/home/airflow/.local/lib/python3.12/site-packages/airflow/utils/operator_helpers.py", line 252, in run
    return self.func(*args, **kwargs)
           ^^^^^^^^^^^^^^^^^^^^^^^^^^
  File "/home/airflow/.local/lib/python3.12/site-packages/airflow/models/baseoperator.py", line 406, in wrapper
    return func(self, *args, **kwargs)
           ^^^^^^^^^^^^^^^^^^^^^^^^^^^
  File "/home/airflow/.local/lib/python3.12/site-packages/airflow/operators/python.py", line 238, in execute
    return_value = self.execute_callable()
                   ^^^^^^^^^^^^^^^^^^^^^^^
  File "/home/airflow/.local/lib/python3.12/site-packages/airflow/operators/python.py", line 256, in execute_callable
    return runner.run(*self.op_args, **self.op_kwargs)
           ^^^^^^^^^^^^^^^^^^^^^^^^^^^^^^^^^^^^^^^^^^^
  File "/home/airflow/.local/lib/python3.12/site-packages/airflow/utils/operator_helpers.py", line 252, in run
    return self.func(*args, **kwargs)
           ^^^^^^^^^^^^^^^^^^^^^^^^^^
  File "/opt/airflow/app/train.py", line 37, in train
    mlflow.sklearn.log_model(model, "model")
  File "/home/airflow/.local/lib/python3.12/site-packages/mlflow/sklearn/__init__.py", line 478, in log_model
    return Model.log(
           ^^^^^^^^^^
  File "/home/airflow/.local/lib/python3.12/site-packages/mlflow/models/model.py", line 1217, in log
    flavor.save_model(path=local_path, mlflow_model=mlflow_model, **kwargs)
  File "/home/airflow/.local/lib/python3.12/site-packages/mlflow/sklearn/__init__.py", line 350, in save_model
    inferred_reqs = mlflow.models.infer_pip_requirements(
                    ^^^^^^^^^^^^^^^^^^^^^^^^^^^^^^^^^^^^^
  File "/home/airflow/.local/lib/python3.12/site-packages/mlflow/utils/environment.py", line 496, in infer_pip_requirements
    return _infer_requirements(
           ^^^^^^^^^^^^^^^^^^^^
  File "/home/airflow/.local/lib/python3.12/site-packages/mlflow/utils/requirements_utils.py", line 497, in _infer_requirements
    _init_modules_to_packages_map()
  File "/home/airflow/.local/lib/python3.12/site-packages/mlflow/utils/requirements_utils.py", line 451, in _init_modules_to_packages_map
    _MODULES_TO_PACKAGES = importlib_metadata.packages_distributions()
                           ^^^^^^^^^^^^^^^^^^^^^^^^^^^^^^^^^^^^^^^^^^^
  File "/home/airflow/.local/lib/python3.12/site-packages/importlib_metadata/__init__.py", line 986, in packages_distributions
    for pkg in _top_level_declared(dist) or _top_level_inferred(dist):
                                            ^^^^^^^^^^^^^^^^^^^^^^^^^
  File "/home/airflow/.local/lib/python3.12/site-packages/importlib_metadata/__init__.py", line 1029, in _top_level_inferred
    opt_names = set(map(_get_toplevel_name, always_iterable(dist.files)))
                                                            ^^^^^^^^^^
  File "/home/airflow/.local/lib/python3.12/site-packages/importlib_metadata/__init__.py", line 520, in files
    return skip_missing_files(
           ^^^^^^^^^^^^^^^^^^^
  File "/home/airflow/.local/lib/python3.12/site-packages/importlib_metadata/_functools.py", line 102, in wrapper
    return func(param, *args, **kwargs)
           ^^^^^^^^^^^^^^^^^^^^^^^^^^^^
  File "/home/airflow/.local/lib/python3.12/site-packages/importlib_metadata/__init__.py", line 518, in skip_missing_files
    return list(filter(lambda path: path.locate().exists(), package_paths))
           ^^^^^^^^^^^^^^^^^^^^^^^^^^^^^^^^^^^^^^^^^^^^^^^^^^^^^^^^^^^^^^^^
  File "/home/airflow/.local/lib/python3.12/site-packages/importlib_metadata/__init__.py", line 518, in <lambda>
    return list(filter(lambda path: path.locate().exists(), package_paths))
                                    ^^^^^^^^^^^^^
  File "/home/airflow/.local/lib/python3.12/site-packages/importlib_metadata/__init__.py", line 355, in locate
    return self.dist.locate_file(self)
           ^^^^^^^^^^^^^^^^^^^^^^^^^^^
  File "/home/airflow/.local/lib/python3.12/site-packages/importlib_metadata/__init__.py", line 863, in locate_file
    return self._path.parent / path
           ^^^^^^^^^^^^^^^^^
  File "/usr/local/lib/python3.12/pathlib.py", line 739, in parent
    return self._from_parsed_parts(drv, root, tail[:-1])
           ^^^^^^^^^^^^^^^^^^^^^^^^^^^^^^^^^^^^^^^^^^^^^
  File "/usr/local/lib/python3.12/pathlib.py", line 422, in _from_parsed_parts
    path = self.with_segments(path_str)
           ^^^^^^^^^^^^^^^^^^^^^^^^^^^^
  File "/usr/local/lib/python3.12/pathlib.py", line 385, in with_segments
    return type(self)(*pathsegments)
           ^^^^^^^^^^^^^^^^^^^^^^^^^
  File "/usr/local/lib/python3.12/pathlib.py", line 1162, in __init__
    super().__init__(*args)
  File "/usr/local/lib/python3.12/pathlib.py", line 369, in __init__
    path = os.fspath(arg)
           ^^^^^^^^^^^^^^
  File "/home/airflow/.local/lib/python3.12/site-packages/airflow/models/taskinstance.py", line 3085, in signal_handler
    raise AirflowTaskTerminated("Task received SIGTERM signal")
airflow.exceptions.AirflowTaskTerminated: Task received SIGTERM signal
[2026-05-31T17:49:07.856+0000] {taskinstance.py:1225} INFO - Marking task as FAILED. dag_id=ml_pipeline, task_id=train, run_id=scheduled__2026-05-30T00:00:00+00:00, execution_date=20260530T000000, start_date=20260531T174816, end_date=20260531T174907
[2026-05-31T17:49:07.990+0000] {taskinstance.py:340} INFO - ::group::Post task execution logs
[2026-05-31T17:49:08.072+0000] {process_utils.py:80} INFO - Process psutil.Process(pid=265, status='terminated', exitcode=2, started='17:48:16') (265) terminated with exit code 2
[2026-05-31T17:49:08.074+0000] {local_task_job_runner.py:261} INFO - Task exited with return code 143
[2026-05-31T17:49:08.135+0000] {taskinstance.py:3891} INFO - 0 downstream tasks scheduled from follow-on schedule check
[2026-05-31T17:49:08.281+0000] {local_task_job_runner.py:240} INFO - ::endgroup::
[2026-05-31T17:53:07.519+0000] {local_task_job_runner.py:123} INFO - ::group::Pre task execution logs
[2026-05-31T17:53:07.551+0000] {taskinstance.py:2603} INFO - Dependencies all met for dep_context=non-requeueable deps ti=<TaskInstance: ml_pipeline.train scheduled__2026-05-30T00:00:00+00:00 [queued]>
[2026-05-31T17:53:07.565+0000] {taskinstance.py:2603} INFO - Dependencies all met for dep_context=requeueable deps ti=<TaskInstance: ml_pipeline.train scheduled__2026-05-30T00:00:00+00:00 [queued]>
[2026-05-31T17:53:07.566+0000] {taskinstance.py:2856} INFO - Starting attempt 1 of 1
[2026-05-31T17:53:07.638+0000] {taskinstance.py:2879} INFO - Executing <Task(PythonOperator): train> on 2026-05-30 00:00:00+00:00
[2026-05-31T17:53:07.647+0000] {logging_mixin.py:190} WARNING - /home/***/.local/lib/python3.12/site-packages/***/task/task_runner/standard_task_runner.py:70 DeprecationWarning: This process (pid=184) is multi-threaded, use of fork() may lead to deadlocks in the child.
[2026-05-31T17:53:07.649+0000] {standard_task_runner.py:72} INFO - Started process 187 to run task
[2026-05-31T17:53:07.647+0000] {standard_task_runner.py:104} INFO - Running: ['***', 'tasks', 'run', 'ml_pipeline', 'train', 'scheduled__2026-05-30T00:00:00+00:00', '--job-id', '3', '--raw', '--subdir', 'DAGS_FOLDER/ml_pipeline.py', '--cfg-path', '/tmp/tmp70ibj8rx']
[2026-05-31T17:53:07.649+0000] {standard_task_runner.py:105} INFO - Job 3: Subtask train
[2026-05-31T17:53:07.755+0000] {task_command.py:467} INFO - Running <TaskInstance: ml_pipeline.train scheduled__2026-05-30T00:00:00+00:00 [running]> on host eb2673617a4f
[2026-05-31T17:53:08.061+0000] {taskinstance.py:3122} INFO - Exporting env vars: AIRFLOW_CTX_DAG_OWNER='***' AIRFLOW_CTX_DAG_ID='ml_pipeline' AIRFLOW_CTX_TASK_ID='train' AIRFLOW_CTX_EXECUTION_DATE='2026-05-30T00:00:00+00:00' AIRFLOW_CTX_TRY_NUMBER='1' AIRFLOW_CTX_DAG_RUN_ID='scheduled__2026-05-30T00:00:00+00:00'
[2026-05-31T17:53:08.063+0000] {taskinstance.py:731} INFO - ::endgroup::
[2026-05-31T17:53:10.682+0000] {taskinstance.py:3301} ERROR - Task failed with exception
Traceback (most recent call last):
  File "/home/airflow/.local/lib/python3.12/site-packages/airflow/models/taskinstance.py", line 767, in _execute_task
    result = _execute_callable(context=context, **execute_callable_kwargs)
             ^^^^^^^^^^^^^^^^^^^^^^^^^^^^^^^^^^^^^^^^^^^^^^^^^^^^^^^^^^^^^
  File "/home/airflow/.local/lib/python3.12/site-packages/airflow/models/taskinstance.py", line 733, in _execute_callable
    return ExecutionCallableRunner(
           ^^^^^^^^^^^^^^^^^^^^^^^^
  File "/home/airflow/.local/lib/python3.12/site-packages/airflow/utils/operator_helpers.py", line 252, in run
    return self.func(*args, **kwargs)
           ^^^^^^^^^^^^^^^^^^^^^^^^^^
  File "/home/airflow/.local/lib/python3.12/site-packages/airflow/models/baseoperator.py", line 406, in wrapper
    return func(self, *args, **kwargs)
           ^^^^^^^^^^^^^^^^^^^^^^^^^^^
  File "/home/airflow/.local/lib/python3.12/site-packages/airflow/operators/python.py", line 238, in execute
    return_value = self.execute_callable()
                   ^^^^^^^^^^^^^^^^^^^^^^^
  File "/home/airflow/.local/lib/python3.12/site-packages/airflow/operators/python.py", line 256, in execute_callable
    return runner.run(*self.op_args, **self.op_kwargs)
           ^^^^^^^^^^^^^^^^^^^^^^^^^^^^^^^^^^^^^^^^^^^
  File "/home/airflow/.local/lib/python3.12/site-packages/airflow/utils/operator_helpers.py", line 252, in run
    return self.func(*args, **kwargs)
           ^^^^^^^^^^^^^^^^^^^^^^^^^^
  File "/opt/airflow/dags/ml_pipeline.py", line 8, in train
    subprocess.run(["python", "app/train.py"], check=True)
  File "/usr/local/lib/python3.12/subprocess.py", line 571, in run
    raise CalledProcessError(retcode, process.args,
subprocess.CalledProcessError: Command '['python', 'app/train.py']' returned non-zero exit status 1.
[2026-05-31T17:53:10.708+0000] {taskinstance.py:1225} INFO - Marking task as FAILED. dag_id=ml_pipeline, task_id=train, run_id=scheduled__2026-05-30T00:00:00+00:00, execution_date=20260530T000000, start_date=20260531T175307, end_date=20260531T175310
[2026-05-31T17:53:11.383+0000] {taskinstance.py:340} INFO - ::group::Post task execution logs
[2026-05-31T17:53:11.384+0000] {standard_task_runner.py:124} ERROR - Failed to execute job 3 for task train (Command '['python', 'app/train.py']' returned non-zero exit status 1.; 187)
Traceback (most recent call last):
  File "/home/airflow/.local/lib/python3.12/site-packages/airflow/task/task_runner/standard_task_runner.py", line 117, in _start_by_fork
    ret = args.func(args, dag=self.dag)
          ^^^^^^^^^^^^^^^^^^^^^^^^^^^^^
  File "/home/airflow/.local/lib/python3.12/site-packages/airflow/cli/cli_config.py", line 49, in command
    return func(*args, **kwargs)
           ^^^^^^^^^^^^^^^^^^^^^
  File "/home/airflow/.local/lib/python3.12/site-packages/airflow/utils/cli.py", line 115, in wrapper
    return f(*args, **kwargs)
           ^^^^^^^^^^^^^^^^^^
  File "/home/airflow/.local/lib/python3.12/site-packages/airflow/cli/commands/task_command.py", line 483, in task_run
    task_return_code = _run_task_by_selected_method(args, _dag, ti)
                       ^^^^^^^^^^^^^^^^^^^^^^^^^^^^^^^^^^^^^^^^^^^^
  File "/home/airflow/.local/lib/python3.12/site-packages/airflow/cli/commands/task_command.py", line 256, in _run_task_by_selected_method
    return _run_raw_task(args, ti)
           ^^^^^^^^^^^^^^^^^^^^^^^
  File "/home/airflow/.local/lib/python3.12/site-packages/airflow/cli/commands/task_command.py", line 341, in _run_raw_task
    return ti._run_raw_task(
           ^^^^^^^^^^^^^^^^^
  File "/home/airflow/.local/lib/python3.12/site-packages/airflow/utils/session.py", line 97, in wrapper
    return func(*args, session=session, **kwargs)
           ^^^^^^^^^^^^^^^^^^^^^^^^^^^^^^^^^^^^^^
  File "/home/airflow/.local/lib/python3.12/site-packages/airflow/models/taskinstance.py", line 2995, in _run_raw_task
    return _run_raw_task(
           ^^^^^^^^^^^^^^
  File "/home/airflow/.local/lib/python3.12/site-packages/airflow/models/taskinstance.py", line 273, in _run_raw_task
    TaskInstance._execute_task_with_callbacks(
  File "/home/airflow/.local/lib/python3.12/site-packages/airflow/models/taskinstance.py", line 3149, in _execute_task_with_callbacks
    result = self._execute_task(context, task_orig)
             ^^^^^^^^^^^^^^^^^^^^^^^^^^^^^^^^^^^^^^
  File "/home/airflow/.local/lib/python3.12/site-packages/airflow/models/taskinstance.py", line 3173, in _execute_task
    return _execute_task(self, context, task_orig)
           ^^^^^^^^^^^^^^^^^^^^^^^^^^^^^^^^^^^^^^^
  File "/home/airflow/.local/lib/python3.12/site-packages/airflow/models/taskinstance.py", line 767, in _execute_task
    result = _execute_callable(context=context, **execute_callable_kwargs)
             ^^^^^^^^^^^^^^^^^^^^^^^^^^^^^^^^^^^^^^^^^^^^^^^^^^^^^^^^^^^^^
  File "/home/airflow/.local/lib/python3.12/site-packages/airflow/models/taskinstance.py", line 733, in _execute_callable
    return ExecutionCallableRunner(
           ^^^^^^^^^^^^^^^^^^^^^^^^
  File "/home/airflow/.local/lib/python3.12/site-packages/airflow/utils/operator_helpers.py", line 252, in run
    return self.func(*args, **kwargs)
           ^^^^^^^^^^^^^^^^^^^^^^^^^^
  File "/home/airflow/.local/lib/python3.12/site-packages/airflow/models/baseoperator.py", line 406, in wrapper
    return func(self, *args, **kwargs)
           ^^^^^^^^^^^^^^^^^^^^^^^^^^^
  File "/home/airflow/.local/lib/python3.12/site-packages/airflow/operators/python.py", line 238, in execute
    return_value = self.execute_callable()
                   ^^^^^^^^^^^^^^^^^^^^^^^
  File "/home/airflow/.local/lib/python3.12/site-packages/airflow/operators/python.py", line 256, in execute_callable
    return runner.run(*self.op_args, **self.op_kwargs)
           ^^^^^^^^^^^^^^^^^^^^^^^^^^^^^^^^^^^^^^^^^^^
  File "/home/airflow/.local/lib/python3.12/site-packages/airflow/utils/operator_helpers.py", line 252, in run
    return self.func(*args, **kwargs)
           ^^^^^^^^^^^^^^^^^^^^^^^^^^
  File "/opt/airflow/dags/ml_pipeline.py", line 8, in train
    subprocess.run(["python", "app/train.py"], check=True)
  File "/usr/local/lib/python3.12/subprocess.py", line 571, in run
    raise CalledProcessError(retcode, process.args,
subprocess.CalledProcessError: Command '['python', 'app/train.py']' returned non-zero exit status 1.
[2026-05-31T17:53:11.412+0000] {local_task_job_runner.py:261} INFO - Task exited with return code 1
[2026-05-31T17:53:11.441+0000] {taskinstance.py:3891} INFO - 0 downstream tasks scheduled from follow-on schedule check
[2026-05-31T17:53:11.039+0000] {local_task_job_runner.py:240} INFO - ::endgroup::
[2026-05-31T18:01:19.303+0000] {local_task_job_runner.py:123} INFO - ::group::Pre task execution logs
[2026-05-31T18:01:19.329+0000] {taskinstance.py:2603} INFO - Dependencies all met for dep_context=non-requeueable deps ti=<TaskInstance: ml_pipeline.train scheduled__2026-05-30T00:00:00+00:00 [queued]>
[2026-05-31T18:01:19.340+0000] {taskinstance.py:2603} INFO - Dependencies all met for dep_context=requeueable deps ti=<TaskInstance: ml_pipeline.train scheduled__2026-05-30T00:00:00+00:00 [queued]>
[2026-05-31T18:01:19.341+0000] {taskinstance.py:2856} INFO - Starting attempt 1 of 1
[2026-05-31T18:01:19.393+0000] {taskinstance.py:2879} INFO - Executing <Task(DockerOperator): train> on 2026-05-30 00:00:00+00:00
[2026-05-31T18:01:19.403+0000] {logging_mixin.py:190} WARNING - /home/***/.local/lib/python3.12/site-packages/***/task/task_runner/standard_task_runner.py:70 DeprecationWarning: This process (pid=196) is multi-threaded, use of fork() may lead to deadlocks in the child.
[2026-05-31T18:01:19.402+0000] {standard_task_runner.py:104} INFO - Running: ['***', 'tasks', 'run', 'ml_pipeline', 'train', 'scheduled__2026-05-30T00:00:00+00:00', '--job-id', '3', '--raw', '--subdir', 'DAGS_FOLDER/ml_pipeline.py', '--cfg-path', '/tmp/tmpbqpd1umr']
[2026-05-31T18:01:19.404+0000] {standard_task_runner.py:72} INFO - Started process 199 to run task
[2026-05-31T18:01:19.404+0000] {standard_task_runner.py:105} INFO - Job 3: Subtask train
[2026-05-31T18:01:19.506+0000] {task_command.py:467} INFO - Running <TaskInstance: ml_pipeline.train scheduled__2026-05-30T00:00:00+00:00 [running]> on host 941a482dd11f
[2026-05-31T18:01:19.682+0000] {taskinstance.py:3122} INFO - Exporting env vars: AIRFLOW_CTX_DAG_OWNER='***' AIRFLOW_CTX_DAG_ID='ml_pipeline' AIRFLOW_CTX_TASK_ID='train' AIRFLOW_CTX_EXECUTION_DATE='2026-05-30T00:00:00+00:00' AIRFLOW_CTX_TRY_NUMBER='1' AIRFLOW_CTX_DAG_RUN_ID='scheduled__2026-05-30T00:00:00+00:00'
[2026-05-31T18:01:19.683+0000] {taskinstance.py:731} INFO - ::endgroup::
[2026-05-31T18:01:19.790+0000] {docker.py:367} INFO - Starting docker container from image infrastructure-api:latest
[2026-05-31T18:01:19.816+0000] {docker.py:375} WARNING - Using remote engine or docker-in-docker and mounting temporary volume from host is not supported. Falling back to `mount_tmp_dir=False` mode. You can set `mount_tmp_dir` parameter to False to disable mounting and remove the warning
[2026-05-31T18:01:34.983+0000] {docker.py:438} INFO - /usr/local/lib/python3.11/site-packages/mlflow/protos/service_pb2.py:11: UserWarning: google.protobuf.service module is deprecated. RPC implementations should provide code generator plugins which generate code specific to the RPC implementation. service.py will be removed in Jan 2025
[2026-05-31T18:01:34.984+0000] {docker.py:438} INFO -   from google.protobuf import service as _service
[2026-05-31T18:01:39.717+0000] {docker.py:438} INFO - 2026/05/31 18:01:39 INFO mlflow.tracking.fluent: Experiment with name 'demand_forecast' does not exist. Creating a new experiment.
[2026-05-31T18:01:39.882+0000] {docker.py:438} INFO - 2026/05/31 18:01:39 WARNING mlflow.utils.git_utils: Failed to import Git (the Git executable is probably not on your PATH), so Git SHA is not available. Error: Failed to initialize: Bad git executable.
[2026-05-31T18:01:39.883+0000] {docker.py:438} INFO - The git executable must be specified in one of the following ways:
[2026-05-31T18:01:39.883+0000] {docker.py:438} INFO -     - be included in your $PATH
[2026-05-31T18:01:39.884+0000] {docker.py:438} INFO -     - be set via $GIT_PYTHON_GIT_EXECUTABLE
[2026-05-31T18:01:39.885+0000] {docker.py:438} INFO -     - explicitly set via git.refresh(<full-path-to-git-executable>)
[2026-05-31T18:01:39.886+0000] {docker.py:438} INFO - 
[2026-05-31T18:01:39.886+0000] {docker.py:438} INFO - All git commands will error until this is rectified.
[2026-05-31T18:01:39.887+0000] {docker.py:438} INFO - 
[2026-05-31T18:01:39.887+0000] {docker.py:438} INFO - This initial message can be silenced or aggravated in the future by setting the
[2026-05-31T18:01:39.888+0000] {docker.py:438} INFO - $GIT_PYTHON_REFRESH environment variable. Use one of the following values:
[2026-05-31T18:01:39.888+0000] {docker.py:438} INFO -     - quiet|q|silence|s|silent|none|n|0: for no message or exception
[2026-05-31T18:01:39.889+0000] {docker.py:438} INFO -     - warn|w|warning|log|l|1: for a warning message (logging level CRITICAL, displayed by default)
[2026-05-31T18:01:39.889+0000] {docker.py:438} INFO -     - error|e|exception|raise|r|2: for a raised exception
[2026-05-31T18:01:39.889+0000] {docker.py:438} INFO - 
[2026-05-31T18:01:39.890+0000] {docker.py:438} INFO - Example:
[2026-05-31T18:01:39.890+0000] {docker.py:438} INFO -     export GIT_PYTHON_REFRESH=quiet
[2026-05-31T18:01:58.155+0000] {taskinstance.py:340} INFO - ::group::Post task execution logs
[2026-05-31T18:01:58.157+0000] {taskinstance.py:352} INFO - Marking task as SUCCESS. dag_id=ml_pipeline, task_id=train, run_id=scheduled__2026-05-30T00:00:00+00:00, execution_date=20260530T000000, start_date=20260531T180119, end_date=20260531T180158
[2026-05-31T18:01:58.364+0000] {local_task_job_runner.py:261} INFO - Task exited with return code 0
[2026-05-31T18:01:58.421+0000] {taskinstance.py:3891} INFO - 1 downstream tasks scheduled from follow-on schedule check
[2026-05-31T18:01:58.549+0000] {local_task_job_runner.py:240} INFO - ::endgroup::
