[2026-05-31T17:16:52.804+0000] {manager.py:483} INFO - Processing files using up to 2 processes at a time 
[2026-05-31T17:16:52.805+0000] {manager.py:484} INFO - Process each file at most once every 30 seconds
[2026-05-31T17:16:52.806+0000] {manager.py:485} INFO - Checking for new files in /opt/airflow/dags every 300 seconds
[2026-05-31T17:16:52.806+0000] {manager.py:821} INFO - Searching for files in /opt/airflow/dags
[2026-05-31T17:16:52.838+0000] {manager.py:824} INFO - There are 1 files in /opt/airflow/dags
[2026-05-31T17:16:52.990+0000] {manager.py:997} INFO - 
================================================================================
DAG File Processing Stats

File Path                           PID  Runtime      # DAGs    # Errors  Last Runtime    Last Run      Last # of DB Queries
--------------------------------  -----  ---------  --------  ----------  --------------  ----------  ----------------------
/opt/airflow/dags/ml_pipeline.py    168  0.04s             0           0                                                   0
================================================================================
[2026-05-31T17:17:21.073+0000] {manager.py:997} INFO - 
================================================================================
DAG File Processing Stats

File Path                         PID    Runtime      # DAGs    # Errors  Last Runtime    Last Run               Last # of DB Queries
--------------------------------  -----  ---------  --------  ----------  --------------  -------------------  ----------------------
/opt/airflow/dags/ml_pipeline.py                           0           1  3.14s           2026-05-31T17:16:56                       3
================================================================================
[2026-05-31T17:17:49.202+0000] {manager.py:997} INFO - 
================================================================================
DAG File Processing Stats

File Path                         PID    Runtime      # DAGs    # Errors  Last Runtime    Last Run               Last # of DB Queries
--------------------------------  -----  ---------  --------  ----------  --------------  -------------------  ----------------------
/opt/airflow/dags/ml_pipeline.py                           0           1  0.70s           2026-05-31T17:17:26                       5
================================================================================
[2026-05-31T17:18:17.932+0000] {manager.py:997} INFO - 
================================================================================
DAG File Processing Stats

File Path                         PID    Runtime      # DAGs    # Errors  Last Runtime    Last Run               Last # of DB Queries
--------------------------------  -----  ---------  --------  ----------  --------------  -------------------  ----------------------
/opt/airflow/dags/ml_pipeline.py                           0           1  2.77s           2026-05-31T17:17:59                       5
================================================================================
[2026-05-31T17:18:45.843+0000] {manager.py:997} INFO - 
================================================================================
DAG File Processing Stats

File Path                         PID    Runtime      # DAGs    # Errors  Last Runtime    Last Run               Last # of DB Queries
--------------------------------  -----  ---------  --------  ----------  --------------  -------------------  ----------------------
/opt/airflow/dags/ml_pipeline.py                           0           1  0.81s           2026-05-31T17:18:30                       5
================================================================================
[2026-05-31T17:19:14.281+0000] {manager.py:997} INFO - 
================================================================================
DAG File Processing Stats

File Path                         PID    Runtime      # DAGs    # Errors  Last Runtime    Last Run               Last # of DB Queries
--------------------------------  -----  ---------  --------  ----------  --------------  -------------------  ----------------------
/opt/airflow/dags/ml_pipeline.py                           0           1  0.66s           2026-05-31T17:19:01                       5
================================================================================
[2026-05-31T17:19:42.273+0000] {manager.py:997} INFO - 
================================================================================
DAG File Processing Stats

File Path                         PID    Runtime      # DAGs    # Errors  Last Runtime    Last Run               Last # of DB Queries
--------------------------------  -----  ---------  --------  ----------  --------------  -------------------  ----------------------
/opt/airflow/dags/ml_pipeline.py                           0           1  1.08s           2026-05-31T17:19:33                       5
================================================================================
[2026-05-31T17:20:10.314+0000] {manager.py:997} INFO - 
================================================================================
DAG File Processing Stats

File Path                         PID    Runtime      # DAGs    # Errors  Last Runtime    Last Run               Last # of DB Queries
--------------------------------  -----  ---------  --------  ----------  --------------  -------------------  ----------------------
/opt/airflow/dags/ml_pipeline.py                           0           1  0.99s           2026-05-31T17:20:04                       5
================================================================================
[2026-05-31T17:20:38.460+0000] {manager.py:997} INFO - 
================================================================================
DAG File Processing Stats

File Path                         PID    Runtime      # DAGs    # Errors  Last Runtime    Last Run               Last # of DB Queries
--------------------------------  -----  ---------  --------  ----------  --------------  -------------------  ----------------------
/opt/airflow/dags/ml_pipeline.py                           0           1  1.10s           2026-05-31T17:20:35                       5
================================================================================
[2026-05-31T17:21:06.476+0000] {manager.py:997} INFO - 
================================================================================
DAG File Processing Stats

File Path                         PID    Runtime      # DAGs    # Errors  Last Runtime    Last Run               Last # of DB Queries
--------------------------------  -----  ---------  --------  ----------  --------------  -------------------  ----------------------
/opt/airflow/dags/ml_pipeline.py                           0           1  0.94s           2026-05-31T17:21:06                       5
================================================================================
[2026-05-31T17:21:25.533+0000] {manager.py:465} INFO - Exiting gracefully upon receiving signal 15
[2026-05-31T17:36:14.082+0000] {manager.py:483} INFO - Processing files using up to 2 processes at a time 
[2026-05-31T17:36:14.083+0000] {manager.py:484} INFO - Process each file at most once every 30 seconds
[2026-05-31T17:36:14.084+0000] {manager.py:485} INFO - Checking for new files in /opt/airflow/dags every 300 seconds
[2026-05-31T17:36:14.084+0000] {manager.py:821} INFO - Searching for files in /opt/airflow/dags
[2026-05-31T17:36:14.112+0000] {manager.py:824} INFO - There are 1 files in /opt/airflow/dags
[2026-05-31T17:36:14.220+0000] {manager.py:997} INFO - 
================================================================================
DAG File Processing Stats

File Path                           PID  Runtime      # DAGs    # Errors  Last Runtime    Last Run      Last # of DB Queries
--------------------------------  -----  ---------  --------  ----------  --------------  ----------  ----------------------
/opt/airflow/dags/ml_pipeline.py    187  0.03s             0           0                                                   0
================================================================================
[2026-05-31T17:36:42.317+0000] {manager.py:997} INFO - 
================================================================================
DAG File Processing Stats

File Path                         PID    Runtime      # DAGs    # Errors  Last Runtime    Last Run               Last # of DB Queries
--------------------------------  -----  ---------  --------  ----------  --------------  -------------------  ----------------------
/opt/airflow/dags/ml_pipeline.py                           0           1  2.04s           2026-05-31T17:36:16                       3
================================================================================
[2026-05-31T17:37:10.434+0000] {manager.py:997} INFO - 
================================================================================
DAG File Processing Stats

File Path                         PID    Runtime      # DAGs    # Errors  Last Runtime    Last Run               Last # of DB Queries
--------------------------------  -----  ---------  --------  ----------  --------------  -------------------  ----------------------
/opt/airflow/dags/ml_pipeline.py                           0           1  1.22s           2026-05-31T17:36:47                       5
================================================================================
[2026-05-31T17:37:38.418+0000] {manager.py:997} INFO - 
================================================================================
DAG File Processing Stats

File Path                         PID    Runtime      # DAGs    # Errors  Last Runtime    Last Run               Last # of DB Queries
--------------------------------  -----  ---------  --------  ----------  --------------  -------------------  ----------------------
/opt/airflow/dags/ml_pipeline.py                           0           1  0.72s           2026-05-31T17:37:18                       5
================================================================================
[2026-05-31T17:38:06.281+0000] {manager.py:997} INFO - 
================================================================================
DAG File Processing Stats

File Path                         PID    Runtime      # DAGs    # Errors  Last Runtime    Last Run               Last # of DB Queries
--------------------------------  -----  ---------  --------  ----------  --------------  -------------------  ----------------------
/opt/airflow/dags/ml_pipeline.py                           0           1  0.73s           2026-05-31T17:37:49                       5
================================================================================
[2026-05-31T17:38:34.861+0000] {manager.py:997} INFO - 
================================================================================
DAG File Processing Stats

File Path                         PID    Runtime      # DAGs    # Errors  Last Runtime    Last Run               Last # of DB Queries
--------------------------------  -----  ---------  --------  ----------  --------------  -------------------  ----------------------
/opt/airflow/dags/ml_pipeline.py                           0           1  0.67s           2026-05-31T17:38:20                       5
================================================================================
[2026-05-31T17:38:51.146+0000] {manager.py:465} INFO - Exiting gracefully upon receiving signal 15
[2026-05-31T17:38:51.328+0000] {manager.py:465} INFO - Exiting gracefully upon receiving signal 15
[2026-05-31T17:38:51.494+0000] {manager.py:465} INFO - Exiting gracefully upon receiving signal 15
[2026-05-31T17:47:07.318+0000] {manager.py:483} INFO - Processing files using up to 2 processes at a time 
[2026-05-31T17:47:07.318+0000] {manager.py:484} INFO - Process each file at most once every 30 seconds
[2026-05-31T17:47:07.319+0000] {manager.py:485} INFO - Checking for new files in /opt/airflow/dags every 300 seconds
[2026-05-31T17:47:07.320+0000] {manager.py:821} INFO - Searching for files in /opt/airflow/dags
[2026-05-31T17:47:07.342+0000] {manager.py:824} INFO - There are 1 files in /opt/airflow/dags
[2026-05-31T17:47:07.526+0000] {manager.py:997} INFO - 
================================================================================
DAG File Processing Stats

File Path                           PID  Runtime      # DAGs    # Errors  Last Runtime    Last Run      Last # of DB Queries
--------------------------------  -----  ---------  --------  ----------  --------------  ----------  ----------------------
/opt/airflow/dags/ml_pipeline.py    197  0.06s             0           0                                                   0
================================================================================
[2026-05-31T17:47:35.641+0000] {manager.py:997} INFO - 
================================================================================
DAG File Processing Stats

File Path                         PID    Runtime      # DAGs    # Errors  Last Runtime    Last Run               Last # of DB Queries
--------------------------------  -----  ---------  --------  ----------  --------------  -------------------  ----------------------
/opt/airflow/dags/ml_pipeline.py                           1           0  10.28s          2026-05-31T17:47:17                      26
================================================================================
[2026-05-31T17:48:03.973+0000] {manager.py:997} INFO - 
================================================================================
DAG File Processing Stats

File Path                         PID    Runtime      # DAGs    # Errors  Last Runtime    Last Run               Last # of DB Queries
--------------------------------  -----  ---------  --------  ----------  --------------  -------------------  ----------------------
/opt/airflow/dags/ml_pipeline.py                           1           0  5.23s           2026-05-31T17:47:53                      12
================================================================================
[2026-05-31T17:48:32.136+0000] {manager.py:997} INFO - 
================================================================================
DAG File Processing Stats

File Path                           PID  Runtime      # DAGs    # Errors  Last Runtime    Last Run               Last # of DB Queries
--------------------------------  -----  ---------  --------  ----------  --------------  -------------------  ----------------------
/opt/airflow/dags/ml_pipeline.py    269  8.96s             1           0  5.23s           2026-05-31T17:47:53                      12
================================================================================
[2026-05-31T17:49:00.308+0000] {manager.py:997} INFO - 
================================================================================
DAG File Processing Stats

File Path                         PID    Runtime      # DAGs    # Errors  Last Runtime    Last Run               Last # of DB Queries
--------------------------------  -----  ---------  --------  ----------  --------------  -------------------  ----------------------
/opt/airflow/dags/ml_pipeline.py                           1           0  12.51s          2026-05-31T17:48:35                      12
================================================================================
[2026-05-31T17:49:07.987+0000] {manager.py:465} INFO - Exiting gracefully upon receiving signal 15
[2026-05-31T17:49:07.986+0000] {manager.py:465} INFO - Exiting gracefully upon receiving signal 15
[2026-05-31T17:49:09.024+0000] {manager.py:465} INFO - Exiting gracefully upon receiving signal 15
[2026-05-31T17:51:55.452+0000] {manager.py:483} INFO - Processing files using up to 2 processes at a time 
[2026-05-31T17:51:55.452+0000] {manager.py:484} INFO - Process each file at most once every 30 seconds
[2026-05-31T17:51:55.453+0000] {manager.py:485} INFO - Checking for new files in /opt/airflow/dags every 300 seconds
[2026-05-31T17:51:55.454+0000] {manager.py:821} INFO - Searching for files in /opt/airflow/dags
[2026-05-31T17:51:55.490+0000] {manager.py:824} INFO - There are 1 files in /opt/airflow/dags
[2026-05-31T17:51:55.596+0000] {manager.py:997} INFO - 
================================================================================
DAG File Processing Stats

File Path                           PID  Runtime      # DAGs    # Errors  Last Runtime    Last Run      Last # of DB Queries
--------------------------------  -----  ---------  --------  ----------  --------------  ----------  ----------------------
/opt/airflow/dags/ml_pipeline.py    168  0.02s             0           0                                                   0
================================================================================
[2026-05-31T17:52:23.634+0000] {manager.py:997} INFO - 
================================================================================
DAG File Processing Stats

File Path                         PID    Runtime      # DAGs    # Errors  Last Runtime    Last Run               Last # of DB Queries
--------------------------------  -----  ---------  --------  ----------  --------------  -------------------  ----------------------
/opt/airflow/dags/ml_pipeline.py                           1           0  0.70s           2026-05-31T17:51:56                      26
================================================================================
[2026-05-31T17:52:51.624+0000] {manager.py:997} INFO - 
================================================================================
DAG File Processing Stats

File Path                         PID    Runtime      # DAGs    # Errors  Last Runtime    Last Run               Last # of DB Queries
--------------------------------  -----  ---------  --------  ----------  --------------  -------------------  ----------------------
/opt/airflow/dags/ml_pipeline.py                           1           0  0.23s           2026-05-31T17:52:26                      12
================================================================================
[2026-05-31T17:53:19.682+0000] {manager.py:997} INFO - 
================================================================================
DAG File Processing Stats

File Path                         PID    Runtime      # DAGs    # Errors  Last Runtime    Last Run               Last # of DB Queries
--------------------------------  -----  ---------  --------  ----------  --------------  -------------------  ----------------------
/opt/airflow/dags/ml_pipeline.py                           1           0  0.65s           2026-05-31T17:52:57                      12
================================================================================
[2026-05-31T17:53:47.588+0000] {manager.py:997} INFO - 
================================================================================
DAG File Processing Stats

File Path                         PID    Runtime      # DAGs    # Errors  Last Runtime    Last Run               Last # of DB Queries
--------------------------------  -----  ---------  --------  ----------  --------------  -------------------  ----------------------
/opt/airflow/dags/ml_pipeline.py                           1           0  0.19s           2026-05-31T17:53:27                      12
================================================================================
[2026-05-31T17:54:15.621+0000] {manager.py:997} INFO - 
================================================================================
DAG File Processing Stats

File Path                         PID    Runtime      # DAGs    # Errors  Last Runtime    Last Run               Last # of DB Queries
--------------------------------  -----  ---------  --------  ----------  --------------  -------------------  ----------------------
/opt/airflow/dags/ml_pipeline.py                           1           0  0.21s           2026-05-31T17:53:57                      12
================================================================================
[2026-05-31T17:54:43.949+0000] {manager.py:997} INFO - 
================================================================================
DAG File Processing Stats

File Path                         PID    Runtime      # DAGs    # Errors  Last Runtime    Last Run               Last # of DB Queries
--------------------------------  -----  ---------  --------  ----------  --------------  -------------------  ----------------------
/opt/airflow/dags/ml_pipeline.py                           1           0  0.21s           2026-05-31T17:54:28                      12
================================================================================
[2026-05-31T17:55:12.257+0000] {manager.py:997} INFO - 
================================================================================
DAG File Processing Stats

File Path                         PID    Runtime      # DAGs    # Errors  Last Runtime    Last Run               Last # of DB Queries
--------------------------------  -----  ---------  --------  ----------  --------------  -------------------  ----------------------
/opt/airflow/dags/ml_pipeline.py                           1           0  0.17s           2026-05-31T17:54:58                      12
================================================================================
[2026-05-31T17:55:40.371+0000] {manager.py:997} INFO - 
================================================================================
DAG File Processing Stats

File Path                         PID    Runtime      # DAGs    # Errors  Last Runtime    Last Run               Last # of DB Queries
--------------------------------  -----  ---------  --------  ----------  --------------  -------------------  ----------------------
/opt/airflow/dags/ml_pipeline.py                           1           0  0.19s           2026-05-31T17:55:31                      12
================================================================================
[2026-05-31T17:56:08.608+0000] {manager.py:997} INFO - 
================================================================================
DAG File Processing Stats

File Path                         PID    Runtime      # DAGs    # Errors  Last Runtime    Last Run               Last # of DB Queries
--------------------------------  -----  ---------  --------  ----------  --------------  -------------------  ----------------------
/opt/airflow/dags/ml_pipeline.py                           1           0  0.19s           2026-05-31T17:56:01                      12
================================================================================
[2026-05-31T17:56:36.844+0000] {manager.py:997} INFO - 
================================================================================
DAG File Processing Stats

File Path                         PID    Runtime      # DAGs    # Errors  Last Runtime    Last Run               Last # of DB Queries
--------------------------------  -----  ---------  --------  ----------  --------------  -------------------  ----------------------
/opt/airflow/dags/ml_pipeline.py                           1           0  0.19s           2026-05-31T17:56:31                      12
================================================================================
[2026-05-31T17:56:55.846+0000] {manager.py:821} INFO - Searching for files in /opt/airflow/dags
[2026-05-31T17:56:55.873+0000] {manager.py:824} INFO - There are 1 files in /opt/airflow/dags
[2026-05-31T17:57:05.115+0000] {manager.py:997} INFO - 
================================================================================
DAG File Processing Stats

File Path                         PID    Runtime      # DAGs    # Errors  Last Runtime    Last Run               Last # of DB Queries
--------------------------------  -----  ---------  --------  ----------  --------------  -------------------  ----------------------
/opt/airflow/dags/ml_pipeline.py                           1           0  0.21s           2026-05-31T17:57:02                      12
================================================================================
[2026-05-31T17:57:33.403+0000] {manager.py:997} INFO - 
================================================================================
DAG File Processing Stats

File Path                         PID    Runtime      # DAGs    # Errors  Last Runtime    Last Run               Last # of DB Queries
--------------------------------  -----  ---------  --------  ----------  --------------  -------------------  ----------------------
/opt/airflow/dags/ml_pipeline.py                           1           0  0.28s           2026-05-31T17:57:32                      12
================================================================================
[2026-05-31T17:58:01.514+0000] {manager.py:997} INFO - 
================================================================================
DAG File Processing Stats

File Path                         PID    Runtime      # DAGs    # Errors  Last Runtime    Last Run               Last # of DB Queries
--------------------------------  -----  ---------  --------  ----------  --------------  -------------------  ----------------------
/opt/airflow/dags/ml_pipeline.py                           1           0  0.52s           2026-05-31T17:57:40                      22
================================================================================
[2026-05-31T17:58:17.280+0000] {manager.py:465} INFO - Exiting gracefully upon receiving signal 15
[2026-05-31T18:00:36.133+0000] {manager.py:483} INFO - Processing files using up to 2 processes at a time 
[2026-05-31T18:00:36.134+0000] {manager.py:484} INFO - Process each file at most once every 30 seconds
[2026-05-31T18:00:36.134+0000] {manager.py:485} INFO - Checking for new files in /opt/airflow/dags every 300 seconds
[2026-05-31T18:00:36.135+0000] {manager.py:821} INFO - Searching for files in /opt/airflow/dags
[2026-05-31T18:00:36.155+0000] {manager.py:824} INFO - There are 1 files in /opt/airflow/dags
[2026-05-31T18:00:36.688+0000] {manager.py:997} INFO - 
================================================================================
DAG File Processing Stats

File Path                           PID  Runtime      # DAGs    # Errors  Last Runtime    Last Run      Last # of DB Queries
--------------------------------  -----  ---------  --------  ----------  --------------  ----------  ----------------------
/opt/airflow/dags/ml_pipeline.py    185  0.03s             0           0                                                   0
================================================================================
[2026-05-31T18:01:04.739+0000] {manager.py:997} INFO - 
================================================================================
DAG File Processing Stats

File Path                         PID    Runtime      # DAGs    # Errors  Last Runtime    Last Run               Last # of DB Queries
--------------------------------  -----  ---------  --------  ----------  --------------  -------------------  ----------------------
/opt/airflow/dags/ml_pipeline.py                           1           0  0.76s           2026-05-31T18:00:37                      26
================================================================================
[2026-05-31T18:01:32.575+0000] {manager.py:997} INFO - 
================================================================================
DAG File Processing Stats

File Path                         PID    Runtime      # DAGs    # Errors  Last Runtime    Last Run               Last # of DB Queries
--------------------------------  -----  ---------  --------  ----------  --------------  -------------------  ----------------------
/opt/airflow/dags/ml_pipeline.py                           1           0  0.19s           2026-05-31T18:01:07                      12
================================================================================
[2026-05-31T18:02:00.887+0000] {manager.py:997} INFO - 
================================================================================
DAG File Processing Stats

File Path                         PID    Runtime      # DAGs    # Errors  Last Runtime    Last Run               Last # of DB Queries
--------------------------------  -----  ---------  --------  ----------  --------------  -------------------  ----------------------
/opt/airflow/dags/ml_pipeline.py                           1           0  0.24s           2026-05-31T18:01:38                      12
================================================================================
[2026-05-31T18:02:29.153+0000] {manager.py:997} INFO - 
================================================================================
DAG File Processing Stats

File Path                         PID    Runtime      # DAGs    # Errors  Last Runtime    Last Run               Last # of DB Queries
--------------------------------  -----  ---------  --------  ----------  --------------  -------------------  ----------------------
/opt/airflow/dags/ml_pipeline.py                           1           0  0.23s           2026-05-31T18:02:08                      12
================================================================================
[2026-05-31T18:02:57.449+0000] {manager.py:997} INFO - 
================================================================================
DAG File Processing Stats

File Path                         PID    Runtime      # DAGs    # Errors  Last Runtime    Last Run               Last # of DB Queries
--------------------------------  -----  ---------  --------  ----------  --------------  -------------------  ----------------------
/opt/airflow/dags/ml_pipeline.py                           1           0  0.24s           2026-05-31T18:02:38                      12
================================================================================
[2026-05-31T18:03:25.742+0000] {manager.py:997} INFO - 
================================================================================
DAG File Processing Stats

File Path                         PID    Runtime      # DAGs    # Errors  Last Runtime    Last Run               Last # of DB Queries
--------------------------------  -----  ---------  --------  ----------  --------------  -------------------  ----------------------
/opt/airflow/dags/ml_pipeline.py                           1           0  0.18s           2026-05-31T18:03:08                      12
================================================================================
[2026-05-31T18:03:54.055+0000] {manager.py:997} INFO - 
================================================================================
DAG File Processing Stats

File Path                         PID    Runtime      # DAGs    # Errors  Last Runtime    Last Run               Last # of DB Queries
--------------------------------  -----  ---------  --------  ----------  --------------  -------------------  ----------------------
/opt/airflow/dags/ml_pipeline.py                           1           0  0.21s           2026-05-31T18:03:39                      12
================================================================================
[2026-05-31T18:04:22.252+0000] {manager.py:997} INFO - 
================================================================================
DAG File Processing Stats

File Path                         PID    Runtime      # DAGs    # Errors  Last Runtime    Last Run               Last # of DB Queries
--------------------------------  -----  ---------  --------  ----------  --------------  -------------------  ----------------------
/opt/airflow/dags/ml_pipeline.py                           1           0  0.24s           2026-05-31T18:04:09                      12
================================================================================
[2026-05-31T18:04:50.550+0000] {manager.py:997} INFO - 
================================================================================
DAG File Processing Stats

File Path                         PID    Runtime      # DAGs    # Errors  Last Runtime    Last Run               Last # of DB Queries
--------------------------------  -----  ---------  --------  ----------  --------------  -------------------  ----------------------
/opt/airflow/dags/ml_pipeline.py                           1           0  0.21s           2026-05-31T18:04:40                      12
================================================================================
[2026-05-31T18:05:18.613+0000] {manager.py:997} INFO - 
================================================================================
DAG File Processing Stats

File Path                         PID    Runtime      # DAGs    # Errors  Last Runtime    Last Run               Last # of DB Queries
--------------------------------  -----  ---------  --------  ----------  --------------  -------------------  ----------------------
/opt/airflow/dags/ml_pipeline.py                           1           0  0.21s           2026-05-31T18:05:10                      12
================================================================================
[2026-05-31T18:05:36.747+0000] {manager.py:821} INFO - Searching for files in /opt/airflow/dags
[2026-05-31T18:05:36.768+0000] {manager.py:824} INFO - There are 1 files in /opt/airflow/dags
[2026-05-31T18:05:46.474+0000] {manager.py:997} INFO - 
================================================================================
DAG File Processing Stats

File Path                         PID    Runtime      # DAGs    # Errors  Last Runtime    Last Run               Last # of DB Queries
--------------------------------  -----  ---------  --------  ----------  --------------  -------------------  ----------------------
/opt/airflow/dags/ml_pipeline.py                           1           0  0.57s           2026-05-31T18:05:41                      12
================================================================================
[2026-05-31T18:06:14.317+0000] {manager.py:997} INFO - 
================================================================================
DAG File Processing Stats

File Path                         PID    Runtime      # DAGs    # Errors  Last Runtime    Last Run               Last # of DB Queries
--------------------------------  -----  ---------  --------  ----------  --------------  -------------------  ----------------------
/opt/airflow/dags/ml_pipeline.py                           1           0  0.38s           2026-05-31T18:06:12                      12
================================================================================
[2026-05-31T18:06:42.398+0000] {manager.py:997} INFO - 
================================================================================
DAG File Processing Stats

File Path                           PID  Runtime      # DAGs    # Errors  Last Runtime    Last Run               Last # of DB Queries
--------------------------------  -----  ---------  --------  ----------  --------------  -------------------  ----------------------
/opt/airflow/dags/ml_pipeline.py    263  0.01s             1           0  0.38s           2026-05-31T18:06:12                      12
================================================================================
[2026-05-31T18:07:10.461+0000] {manager.py:997} INFO - 
================================================================================
DAG File Processing Stats

File Path                         PID    Runtime      # DAGs    # Errors  Last Runtime    Last Run               Last # of DB Queries
--------------------------------  -----  ---------  --------  ----------  --------------  -------------------  ----------------------
/opt/airflow/dags/ml_pipeline.py                           1           0  0.24s           2026-05-31T18:06:42                      12
================================================================================
[2026-05-31T18:07:38.758+0000] {manager.py:997} INFO - 
================================================================================
DAG File Processing Stats

File Path                         PID    Runtime      # DAGs    # Errors  Last Runtime    Last Run               Last # of DB Queries
--------------------------------  -----  ---------  --------  ----------  --------------  -------------------  ----------------------
/opt/airflow/dags/ml_pipeline.py                           1           0  0.18s           2026-05-31T18:07:12                      12
================================================================================
[2026-05-31T18:07:40.565+0000] {manager.py:465} INFO - Exiting gracefully upon receiving signal 15
